Archive member included to satisfy reference by file (symbol)

c:/program files (x86)/atmel/studio/7.0/toolchain/avr8/avr8-gnu-toolchain/bin/../lib/gcc/avr/5.4.0/../../../../avr/lib/avrxmega2\libm.a(floatsisf.o)
                              app_funcs.o (__floatunsisf)
C:\Users\OEPS\Documents\github\harp-tech\harp_RFID_reader\Firmware\RfidReader\libATxmega16A4U_ClockSync-1.7.a(4_cpu.o)
                              app_ios_and_regs.o (io_pin2in)
C:\Users\OEPS\Documents\github\harp-tech\harp_RFID_reader\Firmware\RfidReader\libATxmega16A4U_ClockSync-1.7.a(4_hwbp_core.o)
                              app.o (core_func_start_core)
C:\Users\OEPS\Documents\github\harp-tech\harp_RFID_reader\Firmware\RfidReader\libATxmega16A4U_ClockSync-1.7.a(4_hwbp_core_com.o)
                              C:\Users\OEPS\Documents\github\harp-tech\harp_RFID_reader\Firmware\RfidReader\libATxmega16A4U_ClockSync-1.7.a(4_hwbp_core.o) (hwbp_com_uart_init)
C:\Users\OEPS\Documents\github\harp-tech\harp_RFID_reader\Firmware\RfidReader\libATxmega16A4U_ClockSync-1.7.a(4_hwbp_sync.o)
                              C:\Users\OEPS\Documents\github\harp-tech\harp_RFID_reader\Firmware\RfidReader\libATxmega16A4U_ClockSync-1.7.a(4_hwbp_core.o) (initialize_timestamp_uart)
c:/program files (x86)/atmel/studio/7.0/toolchain/avr8/avr8-gnu-toolchain/bin/../lib/gcc/avr/5.4.0/../../../../avr/lib/avrxmega2\libm.a(addsf3.o)
                              C:\Users\OEPS\Documents\github\harp-tech\harp_RFID_reader\Firmware\RfidReader\libATxmega16A4U_ClockSync-1.7.a(4_cpu.o) (__addsf3)
c:/program files (x86)/atmel/studio/7.0/toolchain/avr8/avr8-gnu-toolchain/bin/../lib/gcc/avr/5.4.0/../../../../avr/lib/avrxmega2\libm.a(addsf3x.o)
                              c:/program files (x86)/atmel/studio/7.0/toolchain/avr8/avr8-gnu-toolchain/bin/../lib/gcc/avr/5.4.0/../../../../avr/lib/avrxmega2\libm.a(addsf3.o) (__addsf3x)
c:/program files (x86)/atmel/studio/7.0/toolchain/avr8/avr8-gnu-toolchain/bin/../lib/gcc/avr/5.4.0/../../../../avr/lib/avrxmega2\libm.a(cmpsf2.o)
                              C:\Users\OEPS\Documents\github\harp-tech\harp_RFID_reader\Firmware\RfidReader\libATxmega16A4U_ClockSync-1.7.a(4_cpu.o) (__eqsf2)
c:/program files (x86)/atmel/studio/7.0/toolchain/avr8/avr8-gnu-toolchain/bin/../lib/gcc/avr/5.4.0/../../../../avr/lib/avrxmega2\libm.a(divsf3.o)
                              C:\Users\OEPS\Documents\github\harp-tech\harp_RFID_reader\Firmware\RfidReader\libATxmega16A4U_ClockSync-1.7.a(4_cpu.o) (__divsf3)
c:/program files (x86)/atmel/studio/7.0/toolchain/avr8/avr8-gnu-toolchain/bin/../lib/gcc/avr/5.4.0/../../../../avr/lib/avrxmega2\libm.a(divsf3x.o)
                              c:/program files (x86)/atmel/studio/7.0/toolchain/avr8/avr8-gnu-toolchain/bin/../lib/gcc/avr/5.4.0/../../../../avr/lib/avrxmega2\libm.a(divsf3.o) (__divsf3x)
c:/program files (x86)/atmel/studio/7.0/toolchain/avr8/avr8-gnu-toolchain/bin/../lib/gcc/avr/5.4.0/../../../../avr/lib/avrxmega2\libm.a(fixunssfsi.o)
                              C:\Users\OEPS\Documents\github\harp-tech\harp_RFID_reader\Firmware\RfidReader\libATxmega16A4U_ClockSync-1.7.a(4_cpu.o) (__fixunssfsi)
c:/program files (x86)/atmel/studio/7.0/toolchain/avr8/avr8-gnu-toolchain/bin/../lib/gcc/avr/5.4.0/../../../../avr/lib/avrxmega2\libm.a(fp_cmp.o)
                              c:/program files (x86)/atmel/studio/7.0/toolchain/avr8/avr8-gnu-toolchain/bin/../lib/gcc/avr/5.4.0/../../../../avr/lib/avrxmega2\libm.a(cmpsf2.o) (__fp_cmp)
c:/program files (x86)/atmel/studio/7.0/toolchain/avr8/avr8-gnu-toolchain/bin/../lib/gcc/avr/5.4.0/../../../../avr/lib/avrxmega2\libm.a(fp_inf.o)
                              c:/program files (x86)/atmel/studio/7.0/toolchain/avr8/avr8-gnu-toolchain/bin/../lib/gcc/avr/5.4.0/../../../../avr/lib/avrxmega2\libm.a(addsf3x.o) (__fp_inf)
c:/program files (x86)/atmel/studio/7.0/toolchain/avr8/avr8-gnu-toolchain/bin/../lib/gcc/avr/5.4.0/../../../../avr/lib/avrxmega2\libm.a(fp_nan.o)
                              c:/program files (x86)/atmel/studio/7.0/toolchain/avr8/avr8-gnu-toolchain/bin/../lib/gcc/avr/5.4.0/../../../../avr/lib/avrxmega2\libm.a(addsf3x.o) (__fp_nan)
c:/program files (x86)/atmel/studio/7.0/toolchain/avr8/avr8-gnu-toolchain/bin/../lib/gcc/avr/5.4.0/../../../../avr/lib/avrxmega2\libm.a(fp_pscA.o)
                              c:/program files (x86)/atmel/studio/7.0/toolchain/avr8/avr8-gnu-toolchain/bin/../lib/gcc/avr/5.4.0/../../../../avr/lib/avrxmega2\libm.a(addsf3x.o) (__fp_pscA)
c:/program files (x86)/atmel/studio/7.0/toolchain/avr8/avr8-gnu-toolchain/bin/../lib/gcc/avr/5.4.0/../../../../avr/lib/avrxmega2\libm.a(fp_pscB.o)
                              c:/program files (x86)/atmel/studio/7.0/toolchain/avr8/avr8-gnu-toolchain/bin/../lib/gcc/avr/5.4.0/../../../../avr/lib/avrxmega2\libm.a(addsf3x.o) (__fp_pscB)
c:/program files (x86)/atmel/studio/7.0/toolchain/avr8/avr8-gnu-toolchain/bin/../lib/gcc/avr/5.4.0/../../../../avr/lib/avrxmega2\libm.a(fp_round.o)
                              c:/program files (x86)/atmel/studio/7.0/toolchain/avr8/avr8-gnu-toolchain/bin/../lib/gcc/avr/5.4.0/../../../../avr/lib/avrxmega2\libm.a(addsf3.o) (__fp_round)
c:/program files (x86)/atmel/studio/7.0/toolchain/avr8/avr8-gnu-toolchain/bin/../lib/gcc/avr/5.4.0/../../../../avr/lib/avrxmega2\libm.a(fp_split3.o)
                              c:/program files (x86)/atmel/studio/7.0/toolchain/avr8/avr8-gnu-toolchain/bin/../lib/gcc/avr/5.4.0/../../../../avr/lib/avrxmega2\libm.a(addsf3x.o) (__fp_split3)
c:/program files (x86)/atmel/studio/7.0/toolchain/avr8/avr8-gnu-toolchain/bin/../lib/gcc/avr/5.4.0/../../../../avr/lib/avrxmega2\libm.a(fp_zero.o)
                              c:/program files (x86)/atmel/studio/7.0/toolchain/avr8/avr8-gnu-toolchain/bin/../lib/gcc/avr/5.4.0/../../../../avr/lib/avrxmega2\libm.a(addsf3x.o) (__fp_zero)
c:/program files (x86)/atmel/studio/7.0/toolchain/avr8/avr8-gnu-toolchain/bin/../lib/gcc/avr/5.4.0/avrxmega2\libgcc.a(_udivmodhi4.o)
                              C:\Users\OEPS\Documents\github\harp-tech\harp_RFID_reader\Firmware\RfidReader\libATxmega16A4U_ClockSync-1.7.a(4_hwbp_core.o) (__udivmodhi4)
c:/program files (x86)/atmel/studio/7.0/toolchain/avr8/avr8-gnu-toolchain/bin/../lib/gcc/avr/5.4.0/avrxmega2\libgcc.a(_exit.o)
                              C:/Program Files (x86)/Atmel/Studio/7.0/Packs/atmel/XMEGAA_DFP/1.1.68/gcc/dev/atxmega16a4u/avrxmega2/crtatxmega16a4u.o (exit)
c:/program files (x86)/atmel/studio/7.0/toolchain/avr8/avr8-gnu-toolchain/bin/../lib/gcc/avr/5.4.0/avrxmega2\libgcc.a(_copy_data.o)
                              app.o (__do_copy_data)
c:/program files (x86)/atmel/studio/7.0/toolchain/avr8/avr8-gnu-toolchain/bin/../lib/gcc/avr/5.4.0/avrxmega2\libgcc.a(_clear_bss.o)
                              app.o (__do_clear_bss)
c:/program files (x86)/atmel/studio/7.0/toolchain/avr8/avr8-gnu-toolchain/bin/../lib/gcc/avr/5.4.0/avrxmega2\libgcc.a(_adddi3_s8.o)
                              app.o (__adddi3_s8)
c:/program files (x86)/atmel/studio/7.0/toolchain/avr8/avr8-gnu-toolchain/bin/../lib/gcc/avr/5.4.0/avrxmega2\libgcc.a(_cmpdi2.o)
                              app.o (__cmpdi2)
c:/program files (x86)/atmel/studio/7.0/toolchain/avr8/avr8-gnu-toolchain/bin/../lib/gcc/avr/5.4.0/avrxmega2\libgcc.a(_cmpdi2_s8.o)
                              app.o (__cmpdi2_s8)
c:/program files (x86)/atmel/studio/7.0/toolchain/avr8/avr8-gnu-toolchain/bin/../lib/gcc/avr/5.4.0/../../../../avr/lib/avrxmega2\libc.a(memcpy.o)
                              uart0.o (memcpy)

Allocating common symbols
Common symbol       size              file

rxbuff_uart0        0x40              uart0.o
buzzer_target_count
                    0x2               app_funcs.o
cmd_len             0x2               C:\Users\OEPS\Documents\github\harp-tech\harp_RFID_reader\Firmware\RfidReader\libATxmega16A4U_ClockSync-1.7.a(4_hwbp_core_com.o)
buzzer_prescaler    0x1               app_funcs.o
reply_buff          0x100             C:\Users\OEPS\Documents\github\harp-tech\harp_RFID_reader\Firmware\RfidReader\libATxmega16A4U_ClockSync-1.7.a(4_hwbp_core.o)
txbuff_uart0        0x8               uart0.o
app_regs            0x3a              app_ios_and_regs.o
stop_buzzer         0x1               app.o
txbuff_hwbp_uart    0x200             C:\Users\OEPS\Documents\github\harp-tech\harp_RFID_reader\Firmware\RfidReader\libATxmega16A4U_ClockSync-1.7.a(4_hwbp_core_com.o)
rxbuff_hwbp_uart    0x100             C:\Users\OEPS\Documents\github\harp-tech\harp_RFID_reader\Firmware\RfidReader\libATxmega16A4U_ClockSync-1.7.a(4_hwbp_core_com.o)

Discarded input sections

 .data          0x00000000        0x0 C:/Program Files (x86)/Atmel/Studio/7.0/Packs/atmel/XMEGAA_DFP/1.1.68/gcc/dev/atxmega16a4u/avrxmega2/crtatxmega16a4u.o
 .bss           0x00000000        0x0 C:/Program Files (x86)/Atmel/Studio/7.0/Packs/atmel/XMEGAA_DFP/1.1.68/gcc/dev/atxmega16a4u/avrxmega2/crtatxmega16a4u.o
 .text          0x00000000        0x0 app.o
 .data          0x00000000        0x0 app.o
 .bss           0x00000000        0x0 app.o
 .text.core_callback_device_to_enchanced_active
                0x00000000        0x2 app.o
 .text          0x00000000        0x0 app_funcs.o
 .data          0x00000000        0x0 app_funcs.o
 .bss           0x00000000        0x0 app_funcs.o
 .text          0x00000000        0x0 app_ios_and_regs.o
 .data          0x00000000        0x0 app_ios_and_regs.o
 .bss           0x00000000        0x0 app_ios_and_regs.o
 .text          0x00000000        0x0 interrupts.o
 .data          0x00000000        0x0 interrupts.o
 .bss           0x00000000        0x0 interrupts.o
 .text          0x00000000        0x0 main.o
 .data          0x00000000        0x0 main.o
 .bss           0x00000000        0x0 main.o
 .text          0x00000000        0x0 uart0.o
 .data          0x00000000        0x0 uart0.o
 .bss           0x00000000        0x0 uart0.o
 .text.uart0_init
                0x00000000       0x66 uart0.o
 .text.uart0_enable
                0x00000000       0x16 uart0.o
 .text.uart0_disable
                0x00000000        0xc uart0.o
 .text.uart0_xmit_now
                0x00000000       0x2a uart0.o
 .text.uart0_xmit_now_byte
                0x00000000        0xe uart0.o
 .text.uart0_xmit
                0x00000000       0xc8 uart0.o
 .text.uart0_rcv_now
                0x00000000       0x30 uart0.o
 .bss.uart0_rx_pointer
                0x00000000        0x1 uart0.o
 .text          0x00000000        0x0 c:/program files (x86)/atmel/studio/7.0/toolchain/avr8/avr8-gnu-toolchain/bin/../lib/gcc/avr/5.4.0/../../../../avr/lib/avrxmega2\libm.a(floatsisf.o)
 .data          0x00000000        0x0 c:/program files (x86)/atmel/studio/7.0/toolchain/avr8/avr8-gnu-toolchain/bin/../lib/gcc/avr/5.4.0/../../../../avr/lib/avrxmega2\libm.a(floatsisf.o)
 .bss           0x00000000        0x0 c:/program files (x86)/atmel/studio/7.0/toolchain/avr8/avr8-gnu-toolchain/bin/../lib/gcc/avr/5.4.0/../../../../avr/lib/avrxmega2\libm.a(floatsisf.o)
 .text          0x00000000        0x0 C:\Users\OEPS\Documents\github\harp-tech\harp_RFID_reader\Firmware\RfidReader\libATxmega16A4U_ClockSync-1.7.a(4_cpu.o)
 .data          0x00000000        0x0 C:\Users\OEPS\Documents\github\harp-tech\harp_RFID_reader\Firmware\RfidReader\libATxmega16A4U_ClockSync-1.7.a(4_cpu.o)
 .bss           0x00000000        0x0 C:\Users\OEPS\Documents\github\harp-tech\harp_RFID_reader\Firmware\RfidReader\libATxmega16A4U_ClockSync-1.7.a(4_cpu.o)
 .text.cpu_config_clock_32Khz
                0x00000000       0x3c C:\Users\OEPS\Documents\github\harp-tech\harp_RFID_reader\Firmware\RfidReader\libATxmega16A4U_ClockSync-1.7.a(4_cpu.o)
 .text.cpu_change_clock
                0x00000000      0x10a C:\Users\OEPS\Documents\github\harp-tech\harp_RFID_reader\Firmware\RfidReader\libATxmega16A4U_ClockSync-1.7.a(4_cpu.o)
 .text.cpu_clk_output
                0x00000000       0x6a C:\Users\OEPS\Documents\github\harp-tech\harp_RFID_reader\Firmware\RfidReader\libATxmega16A4U_ClockSync-1.7.a(4_cpu.o)
 .text.cpu_enable_int_level
                0x00000000       0x20 C:\Users\OEPS\Documents\github\harp-tech\harp_RFID_reader\Firmware\RfidReader\libATxmega16A4U_ClockSync-1.7.a(4_cpu.o)
 .text.cpu_disable_int_level
                0x00000000       0x26 C:\Users\OEPS\Documents\github\harp-tech\harp_RFID_reader\Firmware\RfidReader\libATxmega16A4U_ClockSync-1.7.a(4_cpu.o)
 .text.wdt_enable
                0x00000000        0xc C:\Users\OEPS\Documents\github\harp-tech\harp_RFID_reader\Firmware\RfidReader\libATxmega16A4U_ClockSync-1.7.a(4_cpu.o)
 .text.io_pin2out_with_interrupt
                0x00000000       0x28 C:\Users\OEPS\Documents\github\harp-tech\harp_RFID_reader\Firmware\RfidReader\libATxmega16A4U_ClockSync-1.7.a(4_cpu.o)
 .text.timer_type0_set_target
                0x00000000        0xc C:\Users\OEPS\Documents\github\harp-tech\harp_RFID_reader\Firmware\RfidReader\libATxmega16A4U_ClockSync-1.7.a(4_cpu.o)
 .text.timer_type0_get_flag
                0x00000000        0x8 C:\Users\OEPS\Documents\github\harp-tech\harp_RFID_reader\Firmware\RfidReader\libATxmega16A4U_ClockSync-1.7.a(4_cpu.o)
 .text.timer_type0_reset_flag
                0x00000000        0xa C:\Users\OEPS\Documents\github\harp-tech\harp_RFID_reader\Firmware\RfidReader\libATxmega16A4U_ClockSync-1.7.a(4_cpu.o)
 .text.timer_type0_set_counter
                0x00000000       0x12 C:\Users\OEPS\Documents\github\harp-tech\harp_RFID_reader\Firmware\RfidReader\libATxmega16A4U_ClockSync-1.7.a(4_cpu.o)
 .text.timer_type0_wait
                0x00000000       0x20 C:\Users\OEPS\Documents\github\harp-tech\harp_RFID_reader\Firmware\RfidReader\libATxmega16A4U_ClockSync-1.7.a(4_cpu.o)
 .text.timer_type1_set_target
                0x00000000        0xc C:\Users\OEPS\Documents\github\harp-tech\harp_RFID_reader\Firmware\RfidReader\libATxmega16A4U_ClockSync-1.7.a(4_cpu.o)
 .text.timer_type1_get_flag
                0x00000000        0x8 C:\Users\OEPS\Documents\github\harp-tech\harp_RFID_reader\Firmware\RfidReader\libATxmega16A4U_ClockSync-1.7.a(4_cpu.o)
 .text.timer_type1_reset_flag
                0x00000000        0xa C:\Users\OEPS\Documents\github\harp-tech\harp_RFID_reader\Firmware\RfidReader\libATxmega16A4U_ClockSync-1.7.a(4_cpu.o)
 .text.timer_type1_stop
                0x00000000        0xa C:\Users\OEPS\Documents\github\harp-tech\harp_RFID_reader\Firmware\RfidReader\libATxmega16A4U_ClockSync-1.7.a(4_cpu.o)
 .text.timer_type1_set_counter
                0x00000000       0x12 C:\Users\OEPS\Documents\github\harp-tech\harp_RFID_reader\Firmware\RfidReader\libATxmega16A4U_ClockSync-1.7.a(4_cpu.o)
 .text.timer_type1_wait
                0x00000000       0x20 C:\Users\OEPS\Documents\github\harp-tech\harp_RFID_reader\Firmware\RfidReader\libATxmega16A4U_ClockSync-1.7.a(4_cpu.o)
 .text.eeprom_wr_i16
                0x00000000       0xaa C:\Users\OEPS\Documents\github\harp-tech\harp_RFID_reader\Firmware\RfidReader\libATxmega16A4U_ClockSync-1.7.a(4_cpu.o)
 .text.eeprom_wr_i32
                0x00000000      0x14e C:\Users\OEPS\Documents\github\harp-tech\harp_RFID_reader\Firmware\RfidReader\libATxmega16A4U_ClockSync-1.7.a(4_cpu.o)
 .text.eeprom_rd_i16
                0x00000000       0x6e C:\Users\OEPS\Documents\github\harp-tech\harp_RFID_reader\Firmware\RfidReader\libATxmega16A4U_ClockSync-1.7.a(4_cpu.o)
 .text.eeprom_rd_i32
                0x00000000       0xd4 C:\Users\OEPS\Documents\github\harp-tech\harp_RFID_reader\Firmware\RfidReader\libATxmega16A4U_ClockSync-1.7.a(4_cpu.o)
 .text.adc_A_initialize_single_ended
                0x00000000       0x36 C:\Users\OEPS\Documents\github\harp-tech\harp_RFID_reader\Firmware\RfidReader\libATxmega16A4U_ClockSync-1.7.a(4_cpu.o)
 .text.adc_A_read_channel
                0x00000000       0x3a C:\Users\OEPS\Documents\github\harp-tech\harp_RFID_reader\Firmware\RfidReader\libATxmega16A4U_ClockSync-1.7.a(4_cpu.o)
 .text.adc_A_calibrate_offset
                0x00000000       0x3a C:\Users\OEPS\Documents\github\harp-tech\harp_RFID_reader\Firmware\RfidReader\libATxmega16A4U_ClockSync-1.7.a(4_cpu.o)
 .text.adcA_unsigned_single_ended
                0x00000000       0x8a C:\Users\OEPS\Documents\github\harp-tech\harp_RFID_reader\Firmware\RfidReader\libATxmega16A4U_ClockSync-1.7.a(4_cpu.o)
 .data.adc_A_offset
                0x00000000        0x2 C:\Users\OEPS\Documents\github\harp-tech\harp_RFID_reader\Firmware\RfidReader\libATxmega16A4U_ClockSync-1.7.a(4_cpu.o)
 .text          0x00000000        0x0 C:\Users\OEPS\Documents\github\harp-tech\harp_RFID_reader\Firmware\RfidReader\libATxmega16A4U_ClockSync-1.7.a(4_hwbp_core.o)
 .data          0x00000000        0x0 C:\Users\OEPS\Documents\github\harp-tech\harp_RFID_reader\Firmware\RfidReader\libATxmega16A4U_ClockSync-1.7.a(4_hwbp_core.o)
 .bss           0x00000000        0x0 C:\Users\OEPS\Documents\github\harp-tech\harp_RFID_reader\Firmware\RfidReader\libATxmega16A4U_ClockSync-1.7.a(4_hwbp_core.o)
 .text.core_func_update_user_timestamp
                0x00000000       0x1a C:\Users\OEPS\Documents\github\harp-tech\harp_RFID_reader\Firmware\RfidReader\libATxmega16A4U_ClockSync-1.7.a(4_hwbp_core.o)
 .text.core_func_read_user_timestamp
                0x00000000       0x2c C:\Users\OEPS\Documents\github\harp-tech\harp_RFID_reader\Firmware\RfidReader\libATxmega16A4U_ClockSync-1.7.a(4_hwbp_core.o)
 .text.core_func_mark_user_timestamp
                0x00000000       0x98 C:\Users\OEPS\Documents\github\harp-tech\harp_RFID_reader\Firmware\RfidReader\libATxmega16A4U_ClockSync-1.7.a(4_hwbp_core.o)
 .text.hwbp_read_common_reg
                0x00000000       0x32 C:\Users\OEPS\Documents\github\harp-tech\harp_RFID_reader\Firmware\RfidReader\libATxmega16A4U_ClockSync-1.7.a(4_hwbp_core.o)
 .text.core_func_read_R_TIMESTAMP_SECOND
                0x00000000       0x12 C:\Users\OEPS\Documents\github\harp-tech\harp_RFID_reader\Firmware\RfidReader\libATxmega16A4U_ClockSync-1.7.a(4_hwbp_core.o)
 .text.core_func_read_R_TIMESTAMP_MICRO
                0x00000000        0xa C:\Users\OEPS\Documents\github\harp-tech\harp_RFID_reader\Firmware\RfidReader\libATxmega16A4U_ClockSync-1.7.a(4_hwbp_core.o)
 .text.core_func_leave_speed_mode_and_go_to_standby_mode
                0x00000000       0x18 C:\Users\OEPS\Documents\github\harp-tech\harp_RFID_reader\Firmware\RfidReader\libATxmega16A4U_ClockSync-1.7.a(4_hwbp_core.o)
 .text.core_bool_speed_mode_is_in_use
                0x00000000       0x10 C:\Users\OEPS\Documents\github\harp-tech\harp_RFID_reader\Firmware\RfidReader\libATxmega16A4U_ClockSync-1.7.a(4_hwbp_core.o)
 .text          0x00000000        0x0 C:\Users\OEPS\Documents\github\harp-tech\harp_RFID_reader\Firmware\RfidReader\libATxmega16A4U_ClockSync-1.7.a(4_hwbp_core_com.o)
 .data          0x00000000        0x0 C:\Users\OEPS\Documents\github\harp-tech\harp_RFID_reader\Firmware\RfidReader\libATxmega16A4U_ClockSync-1.7.a(4_hwbp_core_com.o)
 .bss           0x00000000        0x0 C:\Users\OEPS\Documents\github\harp-tech\harp_RFID_reader\Firmware\RfidReader\libATxmega16A4U_ClockSync-1.7.a(4_hwbp_core_com.o)
 .text.hwbp_com_uart_disable
                0x00000000        0xc C:\Users\OEPS\Documents\github\harp-tech\harp_RFID_reader\Firmware\RfidReader\libATxmega16A4U_ClockSync-1.7.a(4_hwbp_core_com.o)
 .text.hwbp_uart_xmit_now
                0x00000000       0x20 C:\Users\OEPS\Documents\github\harp-tech\harp_RFID_reader\Firmware\RfidReader\libATxmega16A4U_ClockSync-1.7.a(4_hwbp_core_com.o)
 .text.hwbp_uart_xmit_now_byte
                0x00000000        0xe C:\Users\OEPS\Documents\github\harp-tech\harp_RFID_reader\Firmware\RfidReader\libATxmega16A4U_ClockSync-1.7.a(4_hwbp_core_com.o)
 .text.hwbp_uart_rcv_now
                0x00000000       0x18 C:\Users\OEPS\Documents\github\harp-tech\harp_RFID_reader\Firmware\RfidReader\libATxmega16A4U_ClockSync-1.7.a(4_hwbp_core_com.o)
 .text          0x00000000        0x0 C:\Users\OEPS\Documents\github\harp-tech\harp_RFID_reader\Firmware\RfidReader\libATxmega16A4U_ClockSync-1.7.a(4_hwbp_sync.o)
 .data          0x00000000        0x0 C:\Users\OEPS\Documents\github\harp-tech\harp_RFID_reader\Firmware\RfidReader\libATxmega16A4U_ClockSync-1.7.a(4_hwbp_sync.o)
 .bss           0x00000000        0x0 C:\Users\OEPS\Documents\github\harp-tech\harp_RFID_reader\Firmware\RfidReader\libATxmega16A4U_ClockSync-1.7.a(4_hwbp_sync.o)
 .text          0x00000000        0x0 c:/program files (x86)/atmel/studio/7.0/toolchain/avr8/avr8-gnu-toolchain/bin/../lib/gcc/avr/5.4.0/../../../../avr/lib/avrxmega2\libm.a(addsf3.o)
 .data          0x00000000        0x0 c:/program files (x86)/atmel/studio/7.0/toolchain/avr8/avr8-gnu-toolchain/bin/../lib/gcc/avr/5.4.0/../../../../avr/lib/avrxmega2\libm.a(addsf3.o)
 .bss           0x00000000        0x0 c:/program files (x86)/atmel/studio/7.0/toolchain/avr8/avr8-gnu-toolchain/bin/../lib/gcc/avr/5.4.0/../../../../avr/lib/avrxmega2\libm.a(addsf3.o)
 .text          0x00000000        0x0 c:/program files (x86)/atmel/studio/7.0/toolchain/avr8/avr8-gnu-toolchain/bin/../lib/gcc/avr/5.4.0/../../../../avr/lib/avrxmega2\libm.a(addsf3x.o)
 .data          0x00000000        0x0 c:/program files (x86)/atmel/studio/7.0/toolchain/avr8/avr8-gnu-toolchain/bin/../lib/gcc/avr/5.4.0/../../../../avr/lib/avrxmega2\libm.a(addsf3x.o)
 .bss           0x00000000        0x0 c:/program files (x86)/atmel/studio/7.0/toolchain/avr8/avr8-gnu-toolchain/bin/../lib/gcc/avr/5.4.0/../../../../avr/lib/avrxmega2\libm.a(addsf3x.o)
 .text          0x00000000        0x0 c:/program files (x86)/atmel/studio/7.0/toolchain/avr8/avr8-gnu-toolchain/bin/../lib/gcc/avr/5.4.0/../../../../avr/lib/avrxmega2\libm.a(cmpsf2.o)
 .data          0x00000000        0x0 c:/program files (x86)/atmel/studio/7.0/toolchain/avr8/avr8-gnu-toolchain/bin/../lib/gcc/avr/5.4.0/../../../../avr/lib/avrxmega2\libm.a(cmpsf2.o)
 .bss           0x00000000        0x0 c:/program files (x86)/atmel/studio/7.0/toolchain/avr8/avr8-gnu-toolchain/bin/../lib/gcc/avr/5.4.0/../../../../avr/lib/avrxmega2\libm.a(cmpsf2.o)
 .text          0x00000000        0x0 c:/program files (x86)/atmel/studio/7.0/toolchain/avr8/avr8-gnu-toolchain/bin/../lib/gcc/avr/5.4.0/../../../../avr/lib/avrxmega2\libm.a(divsf3.o)
 .data          0x00000000        0x0 c:/program files (x86)/atmel/studio/7.0/toolchain/avr8/avr8-gnu-toolchain/bin/../lib/gcc/avr/5.4.0/../../../../avr/lib/avrxmega2\libm.a(divsf3.o)
 .bss           0x00000000        0x0 c:/program files (x86)/atmel/studio/7.0/toolchain/avr8/avr8-gnu-toolchain/bin/../lib/gcc/avr/5.4.0/../../../../avr/lib/avrxmega2\libm.a(divsf3.o)
 .text          0x00000000        0x0 c:/program files (x86)/atmel/studio/7.0/toolchain/avr8/avr8-gnu-toolchain/bin/../lib/gcc/avr/5.4.0/../../../../avr/lib/avrxmega2\libm.a(divsf3x.o)
 .data          0x00000000        0x0 c:/program files (x86)/atmel/studio/7.0/toolchain/avr8/avr8-gnu-toolchain/bin/../lib/gcc/avr/5.4.0/../../../../avr/lib/avrxmega2\libm.a(divsf3x.o)
 .bss           0x00000000        0x0 c:/program files (x86)/atmel/studio/7.0/toolchain/avr8/avr8-gnu-toolchain/bin/../lib/gcc/avr/5.4.0/../../../../avr/lib/avrxmega2\libm.a(divsf3x.o)
 .text          0x00000000        0x0 c:/program files (x86)/atmel/studio/7.0/toolchain/avr8/avr8-gnu-toolchain/bin/../lib/gcc/avr/5.4.0/../../../../avr/lib/avrxmega2\libm.a(fixunssfsi.o)
 .data          0x00000000        0x0 c:/program files (x86)/atmel/studio/7.0/toolchain/avr8/avr8-gnu-toolchain/bin/../lib/gcc/avr/5.4.0/../../../../avr/lib/avrxmega2\libm.a(fixunssfsi.o)
 .bss           0x00000000        0x0 c:/program files (x86)/atmel/studio/7.0/toolchain/avr8/avr8-gnu-toolchain/bin/../lib/gcc/avr/5.4.0/../../../../avr/lib/avrxmega2\libm.a(fixunssfsi.o)
 .text          0x00000000        0x0 c:/program files (x86)/atmel/studio/7.0/toolchain/avr8/avr8-gnu-toolchain/bin/../lib/gcc/avr/5.4.0/../../../../avr/lib/avrxmega2\libm.a(fp_cmp.o)
 .data          0x00000000        0x0 c:/program files (x86)/atmel/studio/7.0/toolchain/avr8/avr8-gnu-toolchain/bin/../lib/gcc/avr/5.4.0/../../../../avr/lib/avrxmega2\libm.a(fp_cmp.o)
 .bss           0x00000000        0x0 c:/program files (x86)/atmel/studio/7.0/toolchain/avr8/avr8-gnu-toolchain/bin/../lib/gcc/avr/5.4.0/../../../../avr/lib/avrxmega2\libm.a(fp_cmp.o)
 .text          0x00000000        0x0 c:/program files (x86)/atmel/studio/7.0/toolchain/avr8/avr8-gnu-toolchain/bin/../lib/gcc/avr/5.4.0/../../../../avr/lib/avrxmega2\libm.a(fp_inf.o)
 .data          0x00000000        0x0 c:/program files (x86)/atmel/studio/7.0/toolchain/avr8/avr8-gnu-toolchain/bin/../lib/gcc/avr/5.4.0/../../../../avr/lib/avrxmega2\libm.a(fp_inf.o)
 .bss           0x00000000        0x0 c:/program files (x86)/atmel/studio/7.0/toolchain/avr8/avr8-gnu-toolchain/bin/../lib/gcc/avr/5.4.0/../../../../avr/lib/avrxmega2\libm.a(fp_inf.o)
 .text          0x00000000        0x0 c:/program files (x86)/atmel/studio/7.0/toolchain/avr8/avr8-gnu-toolchain/bin/../lib/gcc/avr/5.4.0/../../../../avr/lib/avrxmega2\libm.a(fp_nan.o)
 .data          0x00000000        0x0 c:/program files (x86)/atmel/studio/7.0/toolchain/avr8/avr8-gnu-toolchain/bin/../lib/gcc/avr/5.4.0/../../../../avr/lib/avrxmega2\libm.a(fp_nan.o)
 .bss           0x00000000        0x0 c:/program files (x86)/atmel/studio/7.0/toolchain/avr8/avr8-gnu-toolchain/bin/../lib/gcc/avr/5.4.0/../../../../avr/lib/avrxmega2\libm.a(fp_nan.o)
 .text          0x00000000        0x0 c:/program files (x86)/atmel/studio/7.0/toolchain/avr8/avr8-gnu-toolchain/bin/../lib/gcc/avr/5.4.0/../../../../avr/lib/avrxmega2\libm.a(fp_pscA.o)
 .data          0x00000000        0x0 c:/program files (x86)/atmel/studio/7.0/toolchain/avr8/avr8-gnu-toolchain/bin/../lib/gcc/avr/5.4.0/../../../../avr/lib/avrxmega2\libm.a(fp_pscA.o)
 .bss           0x00000000        0x0 c:/program files (x86)/atmel/studio/7.0/toolchain/avr8/avr8-gnu-toolchain/bin/../lib/gcc/avr/5.4.0/../../../../avr/lib/avrxmega2\libm.a(fp_pscA.o)
 .text          0x00000000        0x0 c:/program files (x86)/atmel/studio/7.0/toolchain/avr8/avr8-gnu-toolchain/bin/../lib/gcc/avr/5.4.0/../../../../avr/lib/avrxmega2\libm.a(fp_pscB.o)
 .data          0x00000000        0x0 c:/program files (x86)/atmel/studio/7.0/toolchain/avr8/avr8-gnu-toolchain/bin/../lib/gcc/avr/5.4.0/../../../../avr/lib/avrxmega2\libm.a(fp_pscB.o)
 .bss           0x00000000        0x0 c:/program files (x86)/atmel/studio/7.0/toolchain/avr8/avr8-gnu-toolchain/bin/../lib/gcc/avr/5.4.0/../../../../avr/lib/avrxmega2\libm.a(fp_pscB.o)
 .text          0x00000000        0x0 c:/program files (x86)/atmel/studio/7.0/toolchain/avr8/avr8-gnu-toolchain/bin/../lib/gcc/avr/5.4.0/../../../../avr/lib/avrxmega2\libm.a(fp_round.o)
 .data          0x00000000        0x0 c:/program files (x86)/atmel/studio/7.0/toolchain/avr8/avr8-gnu-toolchain/bin/../lib/gcc/avr/5.4.0/../../../../avr/lib/avrxmega2\libm.a(fp_round.o)
 .bss           0x00000000        0x0 c:/program files (x86)/atmel/studio/7.0/toolchain/avr8/avr8-gnu-toolchain/bin/../lib/gcc/avr/5.4.0/../../../../avr/lib/avrxmega2\libm.a(fp_round.o)
 .text          0x00000000        0x0 c:/program files (x86)/atmel/studio/7.0/toolchain/avr8/avr8-gnu-toolchain/bin/../lib/gcc/avr/5.4.0/../../../../avr/lib/avrxmega2\libm.a(fp_split3.o)
 .data          0x00000000        0x0 c:/program files (x86)/atmel/studio/7.0/toolchain/avr8/avr8-gnu-toolchain/bin/../lib/gcc/avr/5.4.0/../../../../avr/lib/avrxmega2\libm.a(fp_split3.o)
 .bss           0x00000000        0x0 c:/program files (x86)/atmel/studio/7.0/toolchain/avr8/avr8-gnu-toolchain/bin/../lib/gcc/avr/5.4.0/../../../../avr/lib/avrxmega2\libm.a(fp_split3.o)
 .text          0x00000000        0x0 c:/program files (x86)/atmel/studio/7.0/toolchain/avr8/avr8-gnu-toolchain/bin/../lib/gcc/avr/5.4.0/../../../../avr/lib/avrxmega2\libm.a(fp_zero.o)
 .data          0x00000000        0x0 c:/program files (x86)/atmel/studio/7.0/toolchain/avr8/avr8-gnu-toolchain/bin/../lib/gcc/avr/5.4.0/../../../../avr/lib/avrxmega2\libm.a(fp_zero.o)
 .bss           0x00000000        0x0 c:/program files (x86)/atmel/studio/7.0/toolchain/avr8/avr8-gnu-toolchain/bin/../lib/gcc/avr/5.4.0/../../../../avr/lib/avrxmega2\libm.a(fp_zero.o)
 .text          0x00000000        0x0 c:/program files (x86)/atmel/studio/7.0/toolchain/avr8/avr8-gnu-toolchain/bin/../lib/gcc/avr/5.4.0/avrxmega2\libgcc.a(_udivmodhi4.o)
 .data          0x00000000        0x0 c:/program files (x86)/atmel/studio/7.0/toolchain/avr8/avr8-gnu-toolchain/bin/../lib/gcc/avr/5.4.0/avrxmega2\libgcc.a(_udivmodhi4.o)
 .bss           0x00000000        0x0 c:/program files (x86)/atmel/studio/7.0/toolchain/avr8/avr8-gnu-toolchain/bin/../lib/gcc/avr/5.4.0/avrxmega2\libgcc.a(_udivmodhi4.o)
 .text.libgcc.mul
                0x00000000        0x0 c:/program files (x86)/atmel/studio/7.0/toolchain/avr8/avr8-gnu-toolchain/bin/../lib/gcc/avr/5.4.0/avrxmega2\libgcc.a(_udivmodhi4.o)
 .text.libgcc   0x00000000        0x0 c:/program files (x86)/atmel/studio/7.0/toolchain/avr8/avr8-gnu-toolchain/bin/../lib/gcc/avr/5.4.0/avrxmega2\libgcc.a(_udivmodhi4.o)
 .text.libgcc.prologue
                0x00000000        0x0 c:/program files (x86)/atmel/studio/7.0/toolchain/avr8/avr8-gnu-toolchain/bin/../lib/gcc/avr/5.4.0/avrxmega2\libgcc.a(_udivmodhi4.o)
 .text.libgcc.builtins
                0x00000000        0x0 c:/program files (x86)/atmel/studio/7.0/toolchain/avr8/avr8-gnu-toolchain/bin/../lib/gcc/avr/5.4.0/avrxmega2\libgcc.a(_udivmodhi4.o)
 .text.libgcc.fmul
                0x00000000        0x0 c:/program files (x86)/atmel/studio/7.0/toolchain/avr8/avr8-gnu-toolchain/bin/../lib/gcc/avr/5.4.0/avrxmega2\libgcc.a(_udivmodhi4.o)
 .text.libgcc.fixed
                0x00000000        0x0 c:/program files (x86)/atmel/studio/7.0/toolchain/avr8/avr8-gnu-toolchain/bin/../lib/gcc/avr/5.4.0/avrxmega2\libgcc.a(_udivmodhi4.o)
 .text          0x00000000        0x0 c:/program files (x86)/atmel/studio/7.0/toolchain/avr8/avr8-gnu-toolchain/bin/../lib/gcc/avr/5.4.0/avrxmega2\libgcc.a(_exit.o)
 .data          0x00000000        0x0 c:/program files (x86)/atmel/studio/7.0/toolchain/avr8/avr8-gnu-toolchain/bin/../lib/gcc/avr/5.4.0/avrxmega2\libgcc.a(_exit.o)
 .bss           0x00000000        0x0 c:/program files (x86)/atmel/studio/7.0/toolchain/avr8/avr8-gnu-toolchain/bin/../lib/gcc/avr/5.4.0/avrxmega2\libgcc.a(_exit.o)
 .text.libgcc.mul
                0x00000000        0x0 c:/program files (x86)/atmel/studio/7.0/toolchain/avr8/avr8-gnu-toolchain/bin/../lib/gcc/avr/5.4.0/avrxmega2\libgcc.a(_exit.o)
 .text.libgcc.div
                0x00000000        0x0 c:/program files (x86)/atmel/studio/7.0/toolchain/avr8/avr8-gnu-toolchain/bin/../lib/gcc/avr/5.4.0/avrxmega2\libgcc.a(_exit.o)
 .text.libgcc   0x00000000        0x0 c:/program files (x86)/atmel/studio/7.0/toolchain/avr8/avr8-gnu-toolchain/bin/../lib/gcc/avr/5.4.0/avrxmega2\libgcc.a(_exit.o)
 .text.libgcc.prologue
                0x00000000        0x0 c:/program files (x86)/atmel/studio/7.0/toolchain/avr8/avr8-gnu-toolchain/bin/../lib/gcc/avr/5.4.0/avrxmega2\libgcc.a(_exit.o)
 .text.libgcc.builtins
                0x00000000        0x0 c:/program files (x86)/atmel/studio/7.0/toolchain/avr8/avr8-gnu-toolchain/bin/../lib/gcc/avr/5.4.0/avrxmega2\libgcc.a(_exit.o)
 .text.libgcc.fmul
                0x00000000        0x0 c:/program files (x86)/atmel/studio/7.0/toolchain/avr8/avr8-gnu-toolchain/bin/../lib/gcc/avr/5.4.0/avrxmega2\libgcc.a(_exit.o)
 .text.libgcc.fixed
                0x00000000        0x0 c:/program files (x86)/atmel/studio/7.0/toolchain/avr8/avr8-gnu-toolchain/bin/../lib/gcc/avr/5.4.0/avrxmega2\libgcc.a(_exit.o)
 .text          0x00000000        0x0 c:/program files (x86)/atmel/studio/7.0/toolchain/avr8/avr8-gnu-toolchain/bin/../lib/gcc/avr/5.4.0/avrxmega2\libgcc.a(_copy_data.o)
 .data          0x00000000        0x0 c:/program files (x86)/atmel/studio/7.0/toolchain/avr8/avr8-gnu-toolchain/bin/../lib/gcc/avr/5.4.0/avrxmega2\libgcc.a(_copy_data.o)
 .bss           0x00000000        0x0 c:/program files (x86)/atmel/studio/7.0/toolchain/avr8/avr8-gnu-toolchain/bin/../lib/gcc/avr/5.4.0/avrxmega2\libgcc.a(_copy_data.o)
 .text.libgcc.mul
                0x00000000        0x0 c:/program files (x86)/atmel/studio/7.0/toolchain/avr8/avr8-gnu-toolchain/bin/../lib/gcc/avr/5.4.0/avrxmega2\libgcc.a(_copy_data.o)
 .text.libgcc.div
                0x00000000        0x0 c:/program files (x86)/atmel/studio/7.0/toolchain/avr8/avr8-gnu-toolchain/bin/../lib/gcc/avr/5.4.0/avrxmega2\libgcc.a(_copy_data.o)
 .text.libgcc   0x00000000        0x0 c:/program files (x86)/atmel/studio/7.0/toolchain/avr8/avr8-gnu-toolchain/bin/../lib/gcc/avr/5.4.0/avrxmega2\libgcc.a(_copy_data.o)
 .text.libgcc.prologue
                0x00000000        0x0 c:/program files (x86)/atmel/studio/7.0/toolchain/avr8/avr8-gnu-toolchain/bin/../lib/gcc/avr/5.4.0/avrxmega2\libgcc.a(_copy_data.o)
 .text.libgcc.builtins
                0x00000000        0x0 c:/program files (x86)/atmel/studio/7.0/toolchain/avr8/avr8-gnu-toolchain/bin/../lib/gcc/avr/5.4.0/avrxmega2\libgcc.a(_copy_data.o)
 .text.libgcc.fmul
                0x00000000        0x0 c:/program files (x86)/atmel/studio/7.0/toolchain/avr8/avr8-gnu-toolchain/bin/../lib/gcc/avr/5.4.0/avrxmega2\libgcc.a(_copy_data.o)
 .text.libgcc.fixed
                0x00000000        0x0 c:/program files (x86)/atmel/studio/7.0/toolchain/avr8/avr8-gnu-toolchain/bin/../lib/gcc/avr/5.4.0/avrxmega2\libgcc.a(_copy_data.o)
 .text          0x00000000        0x0 c:/program files (x86)/atmel/studio/7.0/toolchain/avr8/avr8-gnu-toolchain/bin/../lib/gcc/avr/5.4.0/avrxmega2\libgcc.a(_clear_bss.o)
 .data          0x00000000        0x0 c:/program files (x86)/atmel/studio/7.0/toolchain/avr8/avr8-gnu-toolchain/bin/../lib/gcc/avr/5.4.0/avrxmega2\libgcc.a(_clear_bss.o)
 .bss           0x00000000        0x0 c:/program files (x86)/atmel/studio/7.0/toolchain/avr8/avr8-gnu-toolchain/bin/../lib/gcc/avr/5.4.0/avrxmega2\libgcc.a(_clear_bss.o)
 .text.libgcc.mul
                0x00000000        0x0 c:/program files (x86)/atmel/studio/7.0/toolchain/avr8/avr8-gnu-toolchain/bin/../lib/gcc/avr/5.4.0/avrxmega2\libgcc.a(_clear_bss.o)
 .text.libgcc.div
                0x00000000        0x0 c:/program files (x86)/atmel/studio/7.0/toolchain/avr8/avr8-gnu-toolchain/bin/../lib/gcc/avr/5.4.0/avrxmega2\libgcc.a(_clear_bss.o)
 .text.libgcc   0x00000000        0x0 c:/program files (x86)/atmel/studio/7.0/toolchain/avr8/avr8-gnu-toolchain/bin/../lib/gcc/avr/5.4.0/avrxmega2\libgcc.a(_clear_bss.o)
 .text.libgcc.prologue
                0x00000000        0x0 c:/program files (x86)/atmel/studio/7.0/toolchain/avr8/avr8-gnu-toolchain/bin/../lib/gcc/avr/5.4.0/avrxmega2\libgcc.a(_clear_bss.o)
 .text.libgcc.builtins
                0x00000000        0x0 c:/program files (x86)/atmel/studio/7.0/toolchain/avr8/avr8-gnu-toolchain/bin/../lib/gcc/avr/5.4.0/avrxmega2\libgcc.a(_clear_bss.o)
 .text.libgcc.fmul
                0x00000000        0x0 c:/program files (x86)/atmel/studio/7.0/toolchain/avr8/avr8-gnu-toolchain/bin/../lib/gcc/avr/5.4.0/avrxmega2\libgcc.a(_clear_bss.o)
 .text.libgcc.fixed
                0x00000000        0x0 c:/program files (x86)/atmel/studio/7.0/toolchain/avr8/avr8-gnu-toolchain/bin/../lib/gcc/avr/5.4.0/avrxmega2\libgcc.a(_clear_bss.o)
 .text          0x00000000        0x0 c:/program files (x86)/atmel/studio/7.0/toolchain/avr8/avr8-gnu-toolchain/bin/../lib/gcc/avr/5.4.0/avrxmega2\libgcc.a(_adddi3_s8.o)
 .data          0x00000000        0x0 c:/program files (x86)/atmel/studio/7.0/toolchain/avr8/avr8-gnu-toolchain/bin/../lib/gcc/avr/5.4.0/avrxmega2\libgcc.a(_adddi3_s8.o)
 .bss           0x00000000        0x0 c:/program files (x86)/atmel/studio/7.0/toolchain/avr8/avr8-gnu-toolchain/bin/../lib/gcc/avr/5.4.0/avrxmega2\libgcc.a(_adddi3_s8.o)
 .text.libgcc.mul
                0x00000000        0x0 c:/program files (x86)/atmel/studio/7.0/toolchain/avr8/avr8-gnu-toolchain/bin/../lib/gcc/avr/5.4.0/avrxmega2\libgcc.a(_adddi3_s8.o)
 .text.libgcc.div
                0x00000000        0x0 c:/program files (x86)/atmel/studio/7.0/toolchain/avr8/avr8-gnu-toolchain/bin/../lib/gcc/avr/5.4.0/avrxmega2\libgcc.a(_adddi3_s8.o)
 .text.libgcc.prologue
                0x00000000        0x0 c:/program files (x86)/atmel/studio/7.0/toolchain/avr8/avr8-gnu-toolchain/bin/../lib/gcc/avr/5.4.0/avrxmega2\libgcc.a(_adddi3_s8.o)
 .text.libgcc.builtins
                0x00000000        0x0 c:/program files (x86)/atmel/studio/7.0/toolchain/avr8/avr8-gnu-toolchain/bin/../lib/gcc/avr/5.4.0/avrxmega2\libgcc.a(_adddi3_s8.o)
 .text.libgcc.fmul
                0x00000000        0x0 c:/program files (x86)/atmel/studio/7.0/toolchain/avr8/avr8-gnu-toolchain/bin/../lib/gcc/avr/5.4.0/avrxmega2\libgcc.a(_adddi3_s8.o)
 .text.libgcc.fixed
                0x00000000        0x0 c:/program files (x86)/atmel/studio/7.0/toolchain/avr8/avr8-gnu-toolchain/bin/../lib/gcc/avr/5.4.0/avrxmega2\libgcc.a(_adddi3_s8.o)
 .text          0x00000000        0x0 c:/program files (x86)/atmel/studio/7.0/toolchain/avr8/avr8-gnu-toolchain/bin/../lib/gcc/avr/5.4.0/avrxmega2\libgcc.a(_cmpdi2.o)
 .data          0x00000000        0x0 c:/program files (x86)/atmel/studio/7.0/toolchain/avr8/avr8-gnu-toolchain/bin/../lib/gcc/avr/5.4.0/avrxmega2\libgcc.a(_cmpdi2.o)
 .bss           0x00000000        0x0 c:/program files (x86)/atmel/studio/7.0/toolchain/avr8/avr8-gnu-toolchain/bin/../lib/gcc/avr/5.4.0/avrxmega2\libgcc.a(_cmpdi2.o)
 .text.libgcc.mul
                0x00000000        0x0 c:/program files (x86)/atmel/studio/7.0/toolchain/avr8/avr8-gnu-toolchain/bin/../lib/gcc/avr/5.4.0/avrxmega2\libgcc.a(_cmpdi2.o)
 .text.libgcc.div
                0x00000000        0x0 c:/program files (x86)/atmel/studio/7.0/toolchain/avr8/avr8-gnu-toolchain/bin/../lib/gcc/avr/5.4.0/avrxmega2\libgcc.a(_cmpdi2.o)
 .text.libgcc.prologue
                0x00000000        0x0 c:/program files (x86)/atmel/studio/7.0/toolchain/avr8/avr8-gnu-toolchain/bin/../lib/gcc/avr/5.4.0/avrxmega2\libgcc.a(_cmpdi2.o)
 .text.libgcc.builtins
                0x00000000        0x0 c:/program files (x86)/atmel/studio/7.0/toolchain/avr8/avr8-gnu-toolchain/bin/../lib/gcc/avr/5.4.0/avrxmega2\libgcc.a(_cmpdi2.o)
 .text.libgcc.fmul
                0x00000000        0x0 c:/program files (x86)/atmel/studio/7.0/toolchain/avr8/avr8-gnu-toolchain/bin/../lib/gcc/avr/5.4.0/avrxmega2\libgcc.a(_cmpdi2.o)
 .text.libgcc.fixed
                0x00000000        0x0 c:/program files (x86)/atmel/studio/7.0/toolchain/avr8/avr8-gnu-toolchain/bin/../lib/gcc/avr/5.4.0/avrxmega2\libgcc.a(_cmpdi2.o)
 .text          0x00000000        0x0 c:/program files (x86)/atmel/studio/7.0/toolchain/avr8/avr8-gnu-toolchain/bin/../lib/gcc/avr/5.4.0/avrxmega2\libgcc.a(_cmpdi2_s8.o)
 .data          0x00000000        0x0 c:/program files (x86)/atmel/studio/7.0/toolchain/avr8/avr8-gnu-toolchain/bin/../lib/gcc/avr/5.4.0/avrxmega2\libgcc.a(_cmpdi2_s8.o)
 .bss           0x00000000        0x0 c:/program files (x86)/atmel/studio/7.0/toolchain/avr8/avr8-gnu-toolchain/bin/../lib/gcc/avr/5.4.0/avrxmega2\libgcc.a(_cmpdi2_s8.o)
 .text.libgcc.mul
                0x00000000        0x0 c:/program files (x86)/atmel/studio/7.0/toolchain/avr8/avr8-gnu-toolchain/bin/../lib/gcc/avr/5.4.0/avrxmega2\libgcc.a(_cmpdi2_s8.o)
 .text.libgcc.div
                0x00000000        0x0 c:/program files (x86)/atmel/studio/7.0/toolchain/avr8/avr8-gnu-toolchain/bin/../lib/gcc/avr/5.4.0/avrxmega2\libgcc.a(_cmpdi2_s8.o)
 .text.libgcc.prologue
                0x00000000        0x0 c:/program files (x86)/atmel/studio/7.0/toolchain/avr8/avr8-gnu-toolchain/bin/../lib/gcc/avr/5.4.0/avrxmega2\libgcc.a(_cmpdi2_s8.o)
 .text.libgcc.builtins
                0x00000000        0x0 c:/program files (x86)/atmel/studio/7.0/toolchain/avr8/avr8-gnu-toolchain/bin/../lib/gcc/avr/5.4.0/avrxmega2\libgcc.a(_cmpdi2_s8.o)
 .text.libgcc.fmul
                0x00000000        0x0 c:/program files (x86)/atmel/studio/7.0/toolchain/avr8/avr8-gnu-toolchain/bin/../lib/gcc/avr/5.4.0/avrxmega2\libgcc.a(_cmpdi2_s8.o)
 .text.libgcc.fixed
                0x00000000        0x0 c:/program files (x86)/atmel/studio/7.0/toolchain/avr8/avr8-gnu-toolchain/bin/../lib/gcc/avr/5.4.0/avrxmega2\libgcc.a(_cmpdi2_s8.o)
 .text          0x00000000        0x0 c:/program files (x86)/atmel/studio/7.0/toolchain/avr8/avr8-gnu-toolchain/bin/../lib/gcc/avr/5.4.0/../../../../avr/lib/avrxmega2\libc.a(memcpy.o)
 .data          0x00000000        0x0 c:/program files (x86)/atmel/studio/7.0/toolchain/avr8/avr8-gnu-toolchain/bin/../lib/gcc/avr/5.4.0/../../../../avr/lib/avrxmega2\libc.a(memcpy.o)
 .bss           0x00000000        0x0 c:/program files (x86)/atmel/studio/7.0/toolchain/avr8/avr8-gnu-toolchain/bin/../lib/gcc/avr/5.4.0/../../../../avr/lib/avrxmega2\libc.a(memcpy.o)

Memory Configuration

Name             Origin             Length             Attributes
text             0x00000000         0x00100000         xr
data             0x00802000         0x0000ffa0         rw !x
eeprom           0x00810000         0x00010000         rw !x
fuse             0x00820000         0x00000006         rw !x
lock             0x00830000         0x00000400         rw !x
signature        0x00840000         0x00000400         rw !x
user_signatures  0x00850000         0x00000400         rw !x
*default*        0x00000000         0xffffffff

Linker script and memory map

LOAD C:/Program Files (x86)/Atmel/Studio/7.0/Packs/atmel/XMEGAA_DFP/1.1.68/gcc/dev/atxmega16a4u/avrxmega2/crtatxmega16a4u.o
LOAD app.o
LOAD app_funcs.o
LOAD app_ios_and_regs.o
LOAD interrupts.o
LOAD main.o
LOAD uart0.o
START GROUP
LOAD c:/program files (x86)/atmel/studio/7.0/toolchain/avr8/avr8-gnu-toolchain/bin/../lib/gcc/avr/5.4.0/../../../../avr/lib/avrxmega2\libm.a
LOAD C:\Users\OEPS\Documents\github\harp-tech\harp_RFID_reader\Firmware\RfidReader\libATxmega16A4U_ClockSync-1.7.a
END GROUP
LOAD c:/program files (x86)/atmel/studio/7.0/toolchain/avr8/avr8-gnu-toolchain/bin/../lib/gcc/avr/5.4.0/avrxmega2\libgcc.a
LOAD c:/program files (x86)/atmel/studio/7.0/toolchain/avr8/avr8-gnu-toolchain/bin/../lib/gcc/avr/5.4.0/../../../../avr/lib/avrxmega2\libm.a
START GROUP
LOAD c:/program files (x86)/atmel/studio/7.0/toolchain/avr8/avr8-gnu-toolchain/bin/../lib/gcc/avr/5.4.0/avrxmega2\libgcc.a
LOAD c:/program files (x86)/atmel/studio/7.0/toolchain/avr8/avr8-gnu-toolchain/bin/../lib/gcc/avr/5.4.0/../../../../avr/lib/avrxmega2\libm.a
LOAD c:/program files (x86)/atmel/studio/7.0/toolchain/avr8/avr8-gnu-toolchain/bin/../lib/gcc/avr/5.4.0/../../../../avr/lib/avrxmega2\libc.a
LOAD C:/Program Files (x86)/Atmel/Studio/7.0/Packs/atmel/XMEGAA_DFP/1.1.68/gcc/dev/atxmega16a4u/avrxmega2\libatxmega16a4u.a
END GROUP
                0x00000000                __TEXT_REGION_ORIGIN__ = DEFINED (__TEXT_REGION_ORIGIN__)?__TEXT_REGION_ORIGIN__:0x0
                0x00802000                __DATA_REGION_ORIGIN__ = DEFINED (__DATA_REGION_ORIGIN__)?__DATA_REGION_ORIGIN__:0x802000
                0x00100000                __TEXT_REGION_LENGTH__ = DEFINED (__TEXT_REGION_LENGTH__)?__TEXT_REGION_LENGTH__:0x100000
                0x0000ffa0                __DATA_REGION_LENGTH__ = DEFINED (__DATA_REGION_LENGTH__)?__DATA_REGION_LENGTH__:0xffa0
                0x00010000                __EEPROM_REGION_LENGTH__ = DEFINED (__EEPROM_REGION_LENGTH__)?__EEPROM_REGION_LENGTH__:0x10000
                [0x00000006]                __FUSE_REGION_LENGTH__ = DEFINED (__FUSE_REGION_LENGTH__)?__FUSE_REGION_LENGTH__:0x400
                0x00000400                __LOCK_REGION_LENGTH__ = DEFINED (__LOCK_REGION_LENGTH__)?__LOCK_REGION_LENGTH__:0x400
                0x00000400                __SIGNATURE_REGION_LENGTH__ = DEFINED (__SIGNATURE_REGION_LENGTH__)?__SIGNATURE_REGION_LENGTH__:0x400
                0x00000400                __USER_SIGNATURE_REGION_LENGTH__ = DEFINED (__USER_SIGNATURE_REGION_LENGTH__)?__USER_SIGNATURE_REGION_LENGTH__:0x400

.hash
 *(.hash)

.dynsym
 *(.dynsym)

.dynstr
 *(.dynstr)

.gnu.version
 *(.gnu.version)

.gnu.version_d
 *(.gnu.version_d)

.gnu.version_r
 *(.gnu.version_r)

.rel.init
 *(.rel.init)

.rela.init
 *(.rela.init)

.rel.text
 *(.rel.text)
 *(.rel.text.*)
 *(.rel.gnu.linkonce.t*)

.rela.text
 *(.rela.text)
 *(.rela.text.*)
 *(.rela.gnu.linkonce.t*)

.rel.fini
 *(.rel.fini)

.rela.fini
 *(.rela.fini)

.rel.rodata
 *(.rel.rodata)
 *(.rel.rodata.*)
 *(.rel.gnu.linkonce.r*)

.rela.rodata
 *(.rela.rodata)
 *(.rela.rodata.*)
 *(.rela.gnu.linkonce.r*)

.rel.data
 *(.rel.data)
 *(.rel.data.*)
 *(.rel.gnu.linkonce.d*)

.rela.data
 *(.rela.data)
 *(.rela.data.*)
 *(.rela.gnu.linkonce.d*)

.rel.ctors
 *(.rel.ctors)

.rela.ctors
 *(.rela.ctors)

.rel.dtors
 *(.rel.dtors)

.rela.dtors
 *(.rela.dtors)

.rel.got
 *(.rel.got)

.rela.got
 *(.rela.got)

.rel.bss
 *(.rel.bss)

.rela.bss
 *(.rela.bss)

.rel.plt
 *(.rel.plt)

.rela.plt
 *(.rela.plt)

.text           0x00000000     0x2888
 *(.vectors)
 .vectors       0x00000000      0x1fc C:/Program Files (x86)/Atmel/Studio/7.0/Packs/atmel/XMEGAA_DFP/1.1.68/gcc/dev/atxmega16a4u/avrxmega2/crtatxmega16a4u.o
                0x00000000                __vector_default
                0x00000000                __vectors
 *(.vectors)
 *(.progmem.gcc*)
                0x000001fc                . = ALIGN (0x2)
                0x000001fc                __trampolines_start = .
 *(.trampolines)
 .trampolines   0x000001fc        0x0 linker stubs
 *(.trampolines*)
                0x000001fc                __trampolines_end = .
 *libprintf_flt.a:*(.progmem.data)
 *libc.a:*(.progmem.data)
 *(.progmem*)
                0x000001fc                . = ALIGN (0x2)
 *(.jumptables)
 *(.jumptables*)
 *(.lowtext)
 *(.lowtext*)
                0x000001fc                __ctors_start = .
 *(.ctors)
                0x000001fc                __ctors_end = .
                0x000001fc                __dtors_start = .
 *(.dtors)
                0x000001fc                __dtors_end = .
 SORT(*)(.ctors)
 SORT(*)(.dtors)
 *(.init0)
 .init0         0x000001fc        0x0 C:/Program Files (x86)/Atmel/Studio/7.0/Packs/atmel/XMEGAA_DFP/1.1.68/gcc/dev/atxmega16a4u/avrxmega2/crtatxmega16a4u.o
                0x000001fc                __init
 *(.init0)
 *(.init1)
 *(.init1)
 *(.init2)
 .init2         0x000001fc        0xc C:/Program Files (x86)/Atmel/Studio/7.0/Packs/atmel/XMEGAA_DFP/1.1.68/gcc/dev/atxmega16a4u/avrxmega2/crtatxmega16a4u.o
 *(.init2)
 *(.init3)
 *(.init3)
 *(.init4)
 .init4         0x00000208       0x16 c:/program files (x86)/atmel/studio/7.0/toolchain/avr8/avr8-gnu-toolchain/bin/../lib/gcc/avr/5.4.0/avrxmega2\libgcc.a(_copy_data.o)
                0x00000208                __do_copy_data
 .init4         0x0000021e       0x10 c:/program files (x86)/atmel/studio/7.0/toolchain/avr8/avr8-gnu-toolchain/bin/../lib/gcc/avr/5.4.0/avrxmega2\libgcc.a(_clear_bss.o)
                0x0000021e                __do_clear_bss
 *(.init4)
 *(.init5)
 *(.init5)
 *(.init6)
 *(.init6)
 *(.init7)
 *(.init7)
 *(.init8)
 *(.init8)
 *(.init9)
 .init9         0x0000022e        0x8 C:/Program Files (x86)/Atmel/Studio/7.0/Packs/atmel/XMEGAA_DFP/1.1.68/gcc/dev/atxmega16a4u/avrxmega2/crtatxmega16a4u.o
 *(.init9)
 *(.text)
 .text          0x00000236        0x4 C:/Program Files (x86)/Atmel/Studio/7.0/Packs/atmel/XMEGAA_DFP/1.1.68/gcc/dev/atxmega16a4u/avrxmega2/crtatxmega16a4u.o
                0x00000236                __vector_38
                0x00000236                __vector_104
                0x00000236                __vector_63
                0x00000236                __vector_28
                0x00000236                __vector_67
                0x00000236                __vector_1
                0x00000236                __vector_119
                0x00000236                __vector_32
                0x00000236                __vector_75
                0x00000236                __vector_71
                0x00000236                __vector_91
                0x00000236                __vector_34
                0x00000236                __vector_62
                0x00000236                __vector_102
                0x00000236                __vector_24
                0x00000236                __vector_12
                0x00000236                __vector_55
                0x00000236                __vector_69
                0x00000236                __vector_81
                0x00000236                __vector_90
                0x00000236                __vector_46
                0x00000236                __bad_interrupt
                0x00000236                __vector_122
                0x00000236                __vector_72
                0x00000236                __vector_114
                0x00000236                __vector_6
                0x00000236                __vector_110
                0x00000236                __vector_31
                0x00000236                __vector_92
                0x00000236                __vector_35
                0x00000236                __vector_78
                0x00000236                __vector_74
                0x00000236                __vector_117
                0x00000236                __vector_39
                0x00000236                __vector_107
                0x00000236                __vector_3
                0x00000236                __vector_105
                0x00000236                __vector_98
                0x00000236                __vector_23
                0x00000236                __vector_68
                0x00000236                __vector_30
                0x00000236                __vector_73
                0x00000236                __vector_45
                0x00000236                __vector_25
                0x00000236                __vector_93
                0x00000236                __vector_61
                0x00000236                __vector_11
                0x00000236                __vector_54
                0x00000236                __vector_99
                0x00000236                __vector_13
                0x00000236                __vector_17
                0x00000236                __vector_19
                0x00000236                __vector_56
                0x00000236                __vector_7
                0x00000236                __vector_125
                0x00000236                __vector_49
                0x00000236                __vector_123
                0x00000236                __vector_41
                0x00000236                __vector_86
                0x00000236                __vector_100
                0x00000236                __vector_101
                0x00000236                __vector_109
                0x00000236                __vector_27
                0x00000236                __vector_5
                0x00000236                __vector_113
                0x00000236                __vector_33
                0x00000236                __vector_76
                0x00000236                __vector_115
                0x00000236                __vector_47
                0x00000236                __vector_52
                0x00000236                __vector_37
                0x00000236                __vector_95
                0x00000236                __vector_103
                0x00000236                __vector_96
                0x00000236                __vector_108
                0x00000236                __vector_4
                0x00000236                __vector_44
                0x00000236                __vector_82
                0x00000236                __vector_106
                0x00000236                __vector_118
                0x00000236                __vector_51
                0x00000236                __vector_9
                0x00000236                __vector_21
                0x00000236                __vector_15
                0x00000236                __vector_36
                0x00000236                __vector_79
                0x00000236                __vector_70
                0x00000236                __vector_29
                0x00000236                __vector_60
                0x00000236                __vector_121
                0x00000236                __vector_40
                0x00000236                __vector_85
                0x00000236                __vector_94
                0x00000236                __vector_126
                0x00000236                __vector_8
                0x00000236                __vector_26
                0x00000236                __vector_48
                0x00000236                __vector_124
                0x00000236                __vector_116
                0x00000236                __vector_112
                0x00000236                __vector_111
                0x00000236                __vector_80
                0x00000236                __vector_84
                0x00000236                __vector_57
                0x00000236                __vector_53
                0x00000236                __vector_10
                0x00000236                __vector_50
                0x00000236                __vector_18
                0x00000236                __vector_97
                0x00000236                __vector_42
                0x00000236                __vector_87
                0x00000236                __vector_65
                0x00000236                __vector_120
                0x0000023a                . = ALIGN (0x2)
 *(.text.*)
 .text.hwbp_app_initialize
                0x0000023a       0x4e app.o
                0x0000023a                hwbp_app_initialize
 .text.core_callback_catastrophic_error_detected
                0x00000288        0x2 app.o
                0x00000288                core_callback_catastrophic_error_detected
 .text.core_callback_1st_config_hw_after_boot
                0x0000028a        0x4 app.o
                0x0000028a                core_callback_1st_config_hw_after_boot
 .text.core_callback_reset_registers
                0x0000028e       0x6a app.o
                0x0000028e                core_callback_reset_registers
 .text.core_callback_registers_were_reinitialized
                0x000002f8        0x8 app.o
                0x000002f8                core_callback_registers_were_reinitialized
 .text.core_callback_visualen_to_on
                0x00000300        0x2 app.o
                0x00000300                core_callback_visualen_to_on
 .text.core_callback_visualen_to_off
                0x00000302        0x2 app.o
                0x00000302                core_callback_visualen_to_off
 .text.notify   0x00000304       0xde app.o
                0x00000304                notify
 .text.uart0_rcv_byte_callback
                0x000003e2      0x232 app.o
                0x000003e2                uart0_rcv_byte_callback
 .text.core_callback_device_to_standby
                0x00000614        0x2 app.o
                0x00000614                core_callback_device_to_standby
 .text.core_callback_device_to_active
                0x00000616        0x2 app.o
                0x00000616                core_callback_device_to_active
 .text.core_callback_device_to_speed
                0x00000618        0x2 app.o
                0x00000618                core_callback_device_to_speed
 .text.core_callback_t_before_exec
                0x0000061a        0x2 app.o
                0x0000061a                core_callback_t_before_exec
 .text.core_callback_t_after_exec
                0x0000061c        0x2 app.o
                0x0000061c                core_callback_t_after_exec
 .text.core_callback_t_new_second
                0x0000061e        0x2 app.o
                0x0000061e                core_callback_t_new_second
 .text.core_callback_t_500us
                0x00000620        0x2 app.o
                0x00000620                core_callback_t_500us
 .text.core_callback_t_1ms
                0x00000622      0x12c app.o
                0x00000622                core_callback_t_1ms
 .text.core_callback_uart_rx_before_exec
                0x0000074e        0x2 app.o
                0x0000074e                core_callback_uart_rx_before_exec
 .text.core_callback_uart_rx_after_exec
                0x00000750        0x2 app.o
                0x00000750                core_callback_uart_rx_after_exec
 .text.core_callback_uart_tx_before_exec
                0x00000752        0x2 app.o
                0x00000752                core_callback_uart_tx_before_exec
 .text.core_callback_uart_tx_after_exec
                0x00000754        0x2 app.o
                0x00000754                core_callback_uart_tx_after_exec
 .text.core_callback_uart_cts_before_exec
                0x00000756        0x2 app.o
                0x00000756                core_callback_uart_cts_before_exec
 .text.core_callback_uart_cts_after_exec
                0x00000758        0x2 app.o
                0x00000758                core_callback_uart_cts_after_exec
 .text.core_read_app_register
                0x0000075a       0x32 app.o
                0x0000075a                core_read_app_register
 .text.core_write_app_register
                0x0000078c       0x40 app.o
                0x0000078c                core_write_app_register
 .text.app_write_REG_TAG_ID
                0x000007cc        0x4 app_funcs.o
                0x000007cc                app_write_REG_TAG_ID
 .text.app_write_REG_RESERVED0
                0x000007d0        0xc app_funcs.o
                0x000007d0                app_write_REG_RESERVED0
 .text.app_write_REG_RESERVED1
                0x000007dc        0xc app_funcs.o
                0x000007dc                app_write_REG_RESERVED1
 .text.app_write_REG_NOTIFICATIONS
                0x000007e8        0xc app_funcs.o
                0x000007e8                app_write_REG_NOTIFICATIONS
 .text.app_write_REG_TIME_ON_BUZZER
                0x000007f4       0x12 app_funcs.o
                0x000007f4                app_write_REG_TIME_ON_BUZZER
 .text.app_write_REG_TIME_ON_LED_TOP
                0x00000806       0x12 app_funcs.o
                0x00000806                app_write_REG_TIME_ON_LED_TOP
 .text.app_write_REG_TIME_ON_LED_BOTTOM
                0x00000818       0x12 app_funcs.o
                0x00000818                app_write_REG_TIME_ON_LED_BOTTOM
 .text.app_write_REG_LED_TOP_BLINK_PERIOD
                0x0000082a       0x1c app_funcs.o
                0x0000082a                app_write_REG_LED_TOP_BLINK_PERIOD
 .text.app_write_REG_LED_BOTTOM_BLINK_PERIOD
                0x00000846       0x1c app_funcs.o
                0x00000846                app_write_REG_LED_BOTTOM_BLINK_PERIOD
 .text.app_write_REG_RESERVED4
                0x00000862        0xc app_funcs.o
                0x00000862                app_write_REG_RESERVED4
 .text.app_write_REG_RESERVED5
                0x0000086e        0xc app_funcs.o
                0x0000086e                app_write_REG_RESERVED5
 .text.app_write_REG_TAG_MATCH0
                0x0000087a       0x2a app_funcs.o
                0x0000087a                app_write_REG_TAG_MATCH0
 .text.app_write_REG_TAG_MATCH1
                0x000008a4       0x2a app_funcs.o
                0x000008a4                app_write_REG_TAG_MATCH1
 .text.app_write_REG_TAG_MATCH2
                0x000008ce       0x2a app_funcs.o
                0x000008ce                app_write_REG_TAG_MATCH2
 .text.app_read_REG_TAG_MATCH3
                0x000008f8        0x2 app_funcs.o
                0x000008f8                app_read_REG_TAG_MATCH3
 .text.app_write_REG_TAG_MATCH3
                0x000008fa       0x2a app_funcs.o
                0x000008fa                app_write_REG_TAG_MATCH3
 .text.app_write_REG_TRIGGER_NOTIFICATIONS
                0x00000924       0x16 app_funcs.o
                0x00000924                app_write_REG_TRIGGER_NOTIFICATIONS
 .text.app_write_REG_BUZZER_FREQUENCY
                0x0000093a       0x6c app_funcs.o
                0x0000093a                app_write_REG_BUZZER_FREQUENCY
 .text.app_read_REG_TAG_MATCH2
                0x000009a6        0x2 app_funcs.o
                0x000009a6                app_read_REG_TAG_MATCH2
 .text.app_read_REG_TAG_ID
                0x000009a8        0x2 app_funcs.o
                0x000009a8                app_read_REG_TAG_ID
 .text.app_read_REG_RESERVED0
                0x000009aa        0x2 app_funcs.o
                0x000009aa                app_read_REG_RESERVED0
 .text.app_read_REG_RESERVED1
                0x000009ac        0x2 app_funcs.o
                0x000009ac                app_read_REG_RESERVED1
 .text.app_read_REG_NOTIFICATIONS
                0x000009ae        0x2 app_funcs.o
                0x000009ae                app_read_REG_NOTIFICATIONS
 .text.app_read_REG_TRIGGER_NOTIFICATIONS
                0x000009b0        0x2 app_funcs.o
                0x000009b0                app_read_REG_TRIGGER_NOTIFICATIONS
 .text.app_read_REG_TIME_ON_BUZZER
                0x000009b2        0x2 app_funcs.o
                0x000009b2                app_read_REG_TIME_ON_BUZZER
 .text.app_read_REG_TIME_ON_LED_TOP
                0x000009b4        0x2 app_funcs.o
                0x000009b4                app_read_REG_TIME_ON_LED_TOP
 .text.app_read_REG_TIME_ON_LED_BOTTOM
                0x000009b6        0x2 app_funcs.o
                0x000009b6                app_read_REG_TIME_ON_LED_BOTTOM
 .text.app_read_REG_BUZZER_FREQUENCY
                0x000009b8        0x2 app_funcs.o
                0x000009b8                app_read_REG_BUZZER_FREQUENCY
 .text.app_read_REG_LED_TOP_BLINK_PERIOD
                0x000009ba        0x2 app_funcs.o
                0x000009ba                app_read_REG_LED_TOP_BLINK_PERIOD
 .text.app_read_REG_LED_BOTTOM_BLINK_PERIOD
                0x000009bc        0x2 app_funcs.o
                0x000009bc                app_read_REG_LED_BOTTOM_BLINK_PERIOD
 .text.app_read_REG_RESERVED4
                0x000009be        0x2 app_funcs.o
                0x000009be                app_read_REG_RESERVED4
 .text.app_read_REG_RESERVED5
                0x000009c0        0x2 app_funcs.o
                0x000009c0                app_read_REG_RESERVED5
 .text.app_read_REG_TAG_MATCH0
                0x000009c2        0x2 app_funcs.o
                0x000009c2                app_read_REG_TAG_MATCH0
 .text.app_read_REG_TAG_MATCH1
                0x000009c4        0x2 app_funcs.o
                0x000009c4                app_read_REG_TAG_MATCH1
 .text.init_ios
                0x000009c6       0x7c app_ios_and_regs.o
                0x000009c6                init_ios
 .text.__vector_66
                0x00000a42        0x2 interrupts.o
                0x00000a42                __vector_66
 .text.__vector_2
                0x00000a44        0x2 interrupts.o
                0x00000a44                __vector_2
 .text.__vector_83
                0x00000a46        0xe interrupts.o
                0x00000a46                __vector_83
 .text.__vector_14
                0x00000a54        0x8 interrupts.o
                0x00000a54                __vector_14
 .text.__vector_16
                0x00000a5c       0x1c interrupts.o
                0x00000a5c                __vector_16
 .text.startup.main
                0x00000a78       0x12 main.o
                0x00000a78                main
 .text.__vector_89
                0x00000a8a       0x42 uart0.o
                0x00000a8a                __vector_89
 .text.__vector_64
                0x00000acc       0x2c uart0.o
                0x00000acc                __vector_64
 .text.__vector_88
                0x00000af8        0xa uart0.o
                0x00000af8                __vector_88
 .text.avr-libc.fplib
                0x00000b02       0x7a c:/program files (x86)/atmel/studio/7.0/toolchain/avr8/avr8-gnu-toolchain/bin/../lib/gcc/avr/5.4.0/../../../../avr/lib/avrxmega2\libm.a(floatsisf.o)
                0x00000b02                __floatunsisf
                0x00000b06                __floatsisf
 .text.cpu_config_clock
                0x00000b7c      0x150 C:\Users\OEPS\Documents\github\harp-tech\harp_RFID_reader\Firmware\RfidReader\libATxmega16A4U_ClockSync-1.7.a(4_cpu.o)
                0x00000b7c                cpu_config_clock
 .text.wdt_disable
                0x00000ccc        0xc C:\Users\OEPS\Documents\github\harp-tech\harp_RFID_reader\Firmware\RfidReader\libATxmega16A4U_ClockSync-1.7.a(4_cpu.o)
                0x00000ccc                wdt_disable
 .text.wdt_reset_device
                0x00000cd8        0xc C:\Users\OEPS\Documents\github\harp-tech\harp_RFID_reader\Firmware\RfidReader\libATxmega16A4U_ClockSync-1.7.a(4_cpu.o)
                0x00000cd8                wdt_reset_device
 .text.io_pin2in
                0x00000ce4       0x2a C:\Users\OEPS\Documents\github\harp-tech\harp_RFID_reader\Firmware\RfidReader\libATxmega16A4U_ClockSync-1.7.a(4_cpu.o)
                0x00000ce4                io_pin2in
 .text.io_pin2out
                0x00000d0e       0x30 C:\Users\OEPS\Documents\github\harp-tech\harp_RFID_reader\Firmware\RfidReader\libATxmega16A4U_ClockSync-1.7.a(4_cpu.o)
                0x00000d0e                io_pin2out
 .text.io_set_int
                0x00000d3e       0x6c C:\Users\OEPS\Documents\github\harp-tech\harp_RFID_reader\Firmware\RfidReader\libATxmega16A4U_ClockSync-1.7.a(4_cpu.o)
                0x00000d3e                io_set_int
 .text.timer_type0_enable
                0x00000daa       0x16 C:\Users\OEPS\Documents\github\harp-tech\harp_RFID_reader\Firmware\RfidReader\libATxmega16A4U_ClockSync-1.7.a(4_cpu.o)
                0x00000daa                timer_type0_enable
 .text.timer_type0_pwm
                0x00000dc0       0x28 C:\Users\OEPS\Documents\github\harp-tech\harp_RFID_reader\Firmware\RfidReader\libATxmega16A4U_ClockSync-1.7.a(4_cpu.o)
                0x00000dc0                timer_type0_pwm
 .text.timer_type0_stop
                0x00000de8        0xa C:\Users\OEPS\Documents\github\harp-tech\harp_RFID_reader\Firmware\RfidReader\libATxmega16A4U_ClockSync-1.7.a(4_cpu.o)
                0x00000de8                timer_type0_stop
 .text.calculate_timer_16bits
                0x00000df2      0x14c C:\Users\OEPS\Documents\github\harp-tech\harp_RFID_reader\Firmware\RfidReader\libATxmega16A4U_ClockSync-1.7.a(4_cpu.o)
                0x00000df2                calculate_timer_16bits
 .text.timer_type1_enable
                0x00000f3e       0x16 C:\Users\OEPS\Documents\github\harp-tech\harp_RFID_reader\Firmware\RfidReader\libATxmega16A4U_ClockSync-1.7.a(4_cpu.o)
                0x00000f3e                timer_type1_enable
 .text.eeprom_rd_byte
                0x00000f54       0x2a C:\Users\OEPS\Documents\github\harp-tech\harp_RFID_reader\Firmware\RfidReader\libATxmega16A4U_ClockSync-1.7.a(4_cpu.o)
                0x00000f54                eeprom_rd_byte
 .text.eeprom_wr_byte
                0x00000f7e       0x48 C:\Users\OEPS\Documents\github\harp-tech\harp_RFID_reader\Firmware\RfidReader\libATxmega16A4U_ClockSync-1.7.a(4_cpu.o)
                0x00000f7e                eeprom_wr_byte
 .text.write_device_name_to_eeprom
                0x00000fc6       0x50 C:\Users\OEPS\Documents\github\harp-tech\harp_RFID_reader\Firmware\RfidReader\libATxmega16A4U_ClockSync-1.7.a(4_hwbp_core.o)
 .text.xmit     0x00001016      0x216 C:\Users\OEPS\Documents\github\harp-tech\harp_RFID_reader\Firmware\RfidReader\libATxmega16A4U_ClockSync-1.7.a(4_hwbp_core.o)
 .text.xmit_error.part.0.constprop.4
                0x0000122c      0x16a C:\Users\OEPS\Documents\github\harp-tech\harp_RFID_reader\Firmware\RfidReader\libATxmega16A4U_ClockSync-1.7.a(4_hwbp_core.o)
 .text.core_func_start_core
                0x00001396      0x30e C:\Users\OEPS\Documents\github\harp-tech\harp_RFID_reader\Firmware\RfidReader\libATxmega16A4U_ClockSync-1.7.a(4_hwbp_core.o)
                0x00001396                core_func_start_core
 .text.core_func_catastrophic_error_detected
                0x000016a4       0x22 C:\Users\OEPS\Documents\github\harp-tech\harp_RFID_reader\Firmware\RfidReader\libATxmega16A4U_ClockSync-1.7.a(4_hwbp_core.o)
                0x000016a4                core_func_catastrophic_error_detected
 .text.__vector_20
                0x000016c6      0x20c C:\Users\OEPS\Documents\github\harp-tech\harp_RFID_reader\Firmware\RfidReader\libATxmega16A4U_ClockSync-1.7.a(4_hwbp_core.o)
                0x000016c6                __vector_20
 .text.core_func_send_event
                0x000018d2       0x14 C:\Users\OEPS\Documents\github\harp-tech\harp_RFID_reader\Firmware\RfidReader\libATxmega16A4U_ClockSync-1.7.a(4_hwbp_core.o)
                0x000018d2                core_func_send_event
 .text.hwbp_write_common_reg
                0x000018e6      0x2b6 C:\Users\OEPS\Documents\github\harp-tech\harp_RFID_reader\Firmware\RfidReader\libATxmega16A4U_ClockSync-1.7.a(4_hwbp_core.o)
                0x000018e6                hwbp_write_common_reg
 .text.__vector_22
                0x00001b9c      0x374 C:\Users\OEPS\Documents\github\harp-tech\harp_RFID_reader\Firmware\RfidReader\libATxmega16A4U_ClockSync-1.7.a(4_hwbp_core.o)
                0x00001b9c                __vector_22
 .text.core_bool_is_visual_enabled
                0x00001f10        0xc C:\Users\OEPS\Documents\github\harp-tech\harp_RFID_reader\Firmware\RfidReader\libATxmega16A4U_ClockSync-1.7.a(4_hwbp_core.o)
                0x00001f10                core_bool_is_visual_enabled
 .text.hwbp_com_uart_init
                0x00001f1c       0xbc C:\Users\OEPS\Documents\github\harp-tech\harp_RFID_reader\Firmware\RfidReader\libATxmega16A4U_ClockSync-1.7.a(4_hwbp_core_com.o)
                0x00001f1c                hwbp_com_uart_init
 .text.hwbp_com_uart_enable
                0x00001fd8       0x16 C:\Users\OEPS\Documents\github\harp-tech\harp_RFID_reader\Firmware\RfidReader\libATxmega16A4U_ClockSync-1.7.a(4_hwbp_core_com.o)
                0x00001fd8                hwbp_com_uart_enable
 .text.__vector_59
                0x00001fee       0x9a C:\Users\OEPS\Documents\github\harp-tech\harp_RFID_reader\Firmware\RfidReader\libATxmega16A4U_ClockSync-1.7.a(4_hwbp_core_com.o)
                0x00001fee                __vector_59
 .text.__vector_43
                0x00002088       0x80 C:\Users\OEPS\Documents\github\harp-tech\harp_RFID_reader\Firmware\RfidReader\libATxmega16A4U_ClockSync-1.7.a(4_hwbp_core_com.o)
                0x00002088                __vector_43
 .text.hwbp_uart_xmit
                0x00002108      0x118 C:\Users\OEPS\Documents\github\harp-tech\harp_RFID_reader\Firmware\RfidReader\libATxmega16A4U_ClockSync-1.7.a(4_hwbp_core_com.o)
                0x00002108                hwbp_uart_xmit
 .text.__vector_58
                0x00002220      0x12e C:\Users\OEPS\Documents\github\harp-tech\harp_RFID_reader\Firmware\RfidReader\libATxmega16A4U_ClockSync-1.7.a(4_hwbp_core_com.o)
                0x00002220                __vector_58
 .text.initialize_timestamp_uart
                0x0000234e       0x70 C:\Users\OEPS\Documents\github\harp-tech\harp_RFID_reader\Firmware\RfidReader\libATxmega16A4U_ClockSync-1.7.a(4_hwbp_sync.o)
                0x0000234e                initialize_timestamp_uart
 .text.reset_sync_counter
                0x000023be        0xa C:\Users\OEPS\Documents\github\harp-tech\harp_RFID_reader\Firmware\RfidReader\libATxmega16A4U_ClockSync-1.7.a(4_hwbp_sync.o)
                0x000023be                reset_sync_counter
 .text.trigger_sync_timer
                0x000023c8       0x46 C:\Users\OEPS\Documents\github\harp-tech\harp_RFID_reader\Firmware\RfidReader\libATxmega16A4U_ClockSync-1.7.a(4_hwbp_sync.o)
                0x000023c8                trigger_sync_timer
 .text.__vector_77
                0x0000240e       0xea C:\Users\OEPS\Documents\github\harp-tech\harp_RFID_reader\Firmware\RfidReader\libATxmega16A4U_ClockSync-1.7.a(4_hwbp_sync.o)
                0x0000240e                __vector_77
 .text.avr-libc.fplib
                0x000024f8        0xe c:/program files (x86)/atmel/studio/7.0/toolchain/avr8/avr8-gnu-toolchain/bin/../lib/gcc/avr/5.4.0/../../../../avr/lib/avrxmega2\libm.a(addsf3.o)
                0x000024f8                __subsf3
                0x000024fa                __addsf3
 .text.avr-libc.fplib
                0x00002506       0xcc c:/program files (x86)/atmel/studio/7.0/toolchain/avr8/avr8-gnu-toolchain/bin/../lib/gcc/avr/5.4.0/../../../../avr/lib/avrxmega2\libm.a(addsf3x.o)
                0x00002528                __addsf3x
 .text.avr-libc.fplib
                0x000025d2        0xa c:/program files (x86)/atmel/studio/7.0/toolchain/avr8/avr8-gnu-toolchain/bin/../lib/gcc/avr/5.4.0/../../../../avr/lib/avrxmega2\libm.a(cmpsf2.o)
                0x000025d2                __nesf2
                0x000025d2                __eqsf2
                0x000025d2                __cmpsf2
                0x000025d2                __ltsf2
                0x000025d2                __lesf2
 .text.avr-libc.fplib
                0x000025dc        0x8 c:/program files (x86)/atmel/studio/7.0/toolchain/avr8/avr8-gnu-toolchain/bin/../lib/gcc/avr/5.4.0/../../../../avr/lib/avrxmega2\libm.a(divsf3.o)
                0x000025dc                __divsf3
 .text.avr-libc.fplib
                0x000025e4       0xdc c:/program files (x86)/atmel/studio/7.0/toolchain/avr8/avr8-gnu-toolchain/bin/../lib/gcc/avr/5.4.0/../../../../avr/lib/avrxmega2\libm.a(divsf3x.o)
                0x00002604                __divsf3x
                0x0000260a                __divsf3_pse
 .text.avr-libc.fplib
                0x000026c0       0x5e c:/program files (x86)/atmel/studio/7.0/toolchain/avr8/avr8-gnu-toolchain/bin/../lib/gcc/avr/5.4.0/../../../../avr/lib/avrxmega2\libm.a(fixunssfsi.o)
                0x000026c0                __fixunssfsi
 .text.avr-libc.fplib
                0x0000271e       0x48 c:/program files (x86)/atmel/studio/7.0/toolchain/avr8/avr8-gnu-toolchain/bin/../lib/gcc/avr/5.4.0/../../../../avr/lib/avrxmega2\libm.a(fp_cmp.o)
                0x0000271e                __fp_cmp
 .text.avr-libc.fplib
                0x00002766        0xc c:/program files (x86)/atmel/studio/7.0/toolchain/avr8/avr8-gnu-toolchain/bin/../lib/gcc/avr/5.4.0/../../../../avr/lib/avrxmega2\libm.a(fp_inf.o)
                0x00002766                __fp_inf
 .text.avr-libc.fplib
                0x00002772        0x6 c:/program files (x86)/atmel/studio/7.0/toolchain/avr8/avr8-gnu-toolchain/bin/../lib/gcc/avr/5.4.0/../../../../avr/lib/avrxmega2\libm.a(fp_nan.o)
                0x00002772                __fp_nan
 .text.avr-libc.fplib
                0x00002778        0xe c:/program files (x86)/atmel/studio/7.0/toolchain/avr8/avr8-gnu-toolchain/bin/../lib/gcc/avr/5.4.0/../../../../avr/lib/avrxmega2\libm.a(fp_pscA.o)
                0x00002778                __fp_pscA
 .text.avr-libc.fplib
                0x00002786        0xe c:/program files (x86)/atmel/studio/7.0/toolchain/avr8/avr8-gnu-toolchain/bin/../lib/gcc/avr/5.4.0/../../../../avr/lib/avrxmega2\libm.a(fp_pscB.o)
                0x00002786                __fp_pscB
 .text.avr-libc.fplib
                0x00002794       0x22 c:/program files (x86)/atmel/studio/7.0/toolchain/avr8/avr8-gnu-toolchain/bin/../lib/gcc/avr/5.4.0/../../../../avr/lib/avrxmega2\libm.a(fp_round.o)
                0x00002794                __fp_round
 .text.avr-libc.fplib
                0x000027b6       0x44 c:/program files (x86)/atmel/studio/7.0/toolchain/avr8/avr8-gnu-toolchain/bin/../lib/gcc/avr/5.4.0/../../../../avr/lib/avrxmega2\libm.a(fp_split3.o)
                0x000027b6                __fp_split3
                0x000027c6                __fp_splitA
 .text.avr-libc.fplib
                0x000027fa        0xe c:/program files (x86)/atmel/studio/7.0/toolchain/avr8/avr8-gnu-toolchain/bin/../lib/gcc/avr/5.4.0/../../../../avr/lib/avrxmega2\libm.a(fp_zero.o)
                0x000027fa                __fp_zero
                0x000027fc                __fp_szero
 .text.libgcc.div
                0x00002808       0x28 c:/program files (x86)/atmel/studio/7.0/toolchain/avr8/avr8-gnu-toolchain/bin/../lib/gcc/avr/5.4.0/avrxmega2\libgcc.a(_udivmodhi4.o)
                0x00002808                __udivmodhi4
 .text.libgcc   0x00002830       0x18 c:/program files (x86)/atmel/studio/7.0/toolchain/avr8/avr8-gnu-toolchain/bin/../lib/gcc/avr/5.4.0/avrxmega2\libgcc.a(_adddi3_s8.o)
                0x00002830                __adddi3_s8
 .text.libgcc   0x00002848       0x12 c:/program files (x86)/atmel/studio/7.0/toolchain/avr8/avr8-gnu-toolchain/bin/../lib/gcc/avr/5.4.0/avrxmega2\libgcc.a(_cmpdi2.o)
                0x00002848                __cmpdi2
 .text.libgcc   0x0000285a       0x18 c:/program files (x86)/atmel/studio/7.0/toolchain/avr8/avr8-gnu-toolchain/bin/../lib/gcc/avr/5.4.0/avrxmega2\libgcc.a(_cmpdi2_s8.o)
                0x0000285a                __cmpdi2_s8
 .text.avr-libc
                0x00002872       0x12 c:/program files (x86)/atmel/studio/7.0/toolchain/avr8/avr8-gnu-toolchain/bin/../lib/gcc/avr/5.4.0/../../../../avr/lib/avrxmega2\libc.a(memcpy.o)
                0x00002872                memcpy
                0x00002884                . = ALIGN (0x2)
 *(.fini9)
 .fini9         0x00002884        0x0 c:/program files (x86)/atmel/studio/7.0/toolchain/avr8/avr8-gnu-toolchain/bin/../lib/gcc/avr/5.4.0/avrxmega2\libgcc.a(_exit.o)
                0x00002884                _exit
                0x00002884                exit
 *(.fini9)
 *(.fini8)
 *(.fini8)
 *(.fini7)
 *(.fini7)
 *(.fini6)
 *(.fini6)
 *(.fini5)
 *(.fini5)
 *(.fini4)
 *(.fini4)
 *(.fini3)
 *(.fini3)
 *(.fini2)
 *(.fini2)
 *(.fini1)
 *(.fini1)
 *(.fini0)
 .fini0         0x00002884        0x4 c:/program files (x86)/atmel/studio/7.0/toolchain/avr8/avr8-gnu-toolchain/bin/../lib/gcc/avr/5.4.0/avrxmega2\libgcc.a(_exit.o)
 *(.fini0)
                0x00002888                _etext = .

.data           0x00802000       0xf4 load address 0x00002888
                0x00802000                PROVIDE (__data_start, .)
 *(.data)
 *(.data*)
 .data.app_func_wr_pointer
                0x00802000       0x22 app_funcs.o
                0x00802000                app_func_wr_pointer
 .data.app_func_rd_pointer
                0x00802022       0x22 app_funcs.o
                0x00802022                app_func_rd_pointer
 .data.app_regs_pointer
                0x00802044       0x22 app_ios_and_regs.o
                0x00802044                app_regs_pointer
 .data.app_regs_n_elements
                0x00802066       0x22 app_ios_and_regs.o
                0x00802066                app_regs_n_elements
 .data.app_regs_type
                0x00802088       0x11 app_ios_and_regs.o
                0x00802088                app_regs_type
 .data.com_mode
                0x00802099        0x1 C:\Users\OEPS\Documents\github\harp-tech\harp_RFID_reader\Firmware\RfidReader\libATxmega16A4U_ClockSync-1.7.a(4_hwbp_core_com.o)
                0x00802099                com_mode
 *(.gnu.linkonce.d*)
 *(.rodata)
 *(.rodata*)
 .rodata.default_device_name
                0x0080209a        0xb app.o
 .rodata._500us_cca_values
                0x008020a5        0x8 C:\Users\OEPS\Documents\github\harp-tech\harp_RFID_reader\Firmware\RfidReader\libATxmega16A4U_ClockSync-1.7.a(4_hwbp_core.o)
 .rodata.regs_pointer
                0x008020ad       0x1c C:\Users\OEPS\Documents\github\harp-tech\harp_RFID_reader\Firmware\RfidReader\libATxmega16A4U_ClockSync-1.7.a(4_hwbp_core.o)
 .rodata.regs_n_elements
                0x008020c9       0x1c C:\Users\OEPS\Documents\github\harp-tech\harp_RFID_reader\Firmware\RfidReader\libATxmega16A4U_ClockSync-1.7.a(4_hwbp_core.o)
 .rodata.regs_type
                0x008020e5        0xe C:\Users\OEPS\Documents\github\harp-tech\harp_RFID_reader\Firmware\RfidReader\libATxmega16A4U_ClockSync-1.7.a(4_hwbp_core.o)
 *(.gnu.linkonce.r*)
                0x008020f4                . = ALIGN (0x2)
 *fill*         0x008020f3        0x1 
                0x008020f4                _edata = .
                0x008020f4                PROVIDE (__data_end, .)

.bss            0x008020f4      0x507
                0x008020f4                PROVIDE (__bss_start, .)
 *(.bss)
 *(.bss*)
 .bss.bottom_led_period
                0x008020f4        0x2 app.o
                0x008020f4                bottom_led_period
 .bss.top_led_period
                0x008020f6        0x2 app.o
                0x008020f6                top_led_period
 .bss.bottom_led_time_on
                0x008020f8        0x2 app.o
                0x008020f8                bottom_led_time_on
 .bss.top_led_time_on
                0x008020fa        0x2 app.o
                0x008020fa                top_led_time_on
 .bss.buzzer_time_on
                0x008020fc        0x8 app.o
                0x008020fc                buzzer_time_on
 .bss.rxbuff_pointer
                0x00802104        0x1 app.o
                0x00802104                rxbuff_pointer
 .bss.uart0_head
                0x00802105        0x1 uart0.o
                0x00802105                uart0_head
 .bss.uart0_tail
                0x00802106        0x1 uart0.o
                0x00802106                uart0_tail
 .bss.user_TCC1_CNT
                0x00802107        0x2 C:\Users\OEPS\Documents\github\harp-tech\harp_RFID_reader\Firmware\RfidReader\libATxmega16A4U_ClockSync-1.7.a(4_hwbp_core.o)
 .bss.user_R_TIMESTAMP_SECOND
                0x00802109        0x4 C:\Users\OEPS\Documents\github\harp-tech\harp_RFID_reader\Firmware\RfidReader\libATxmega16A4U_ClockSync-1.7.a(4_hwbp_core.o)
 .bss.reg_p     0x0080210d        0x2 C:\Users\OEPS\Documents\github\harp-tech\harp_RFID_reader\Firmware\RfidReader\libATxmega16A4U_ClockSync-1.7.a(4_hwbp_core.o)
 .bss.CTS_timeout_counter
                0x0080210f        0x2 C:\Users\OEPS\Documents\github\harp-tech\harp_RFID_reader\Firmware\RfidReader\libATxmega16A4U_ClockSync-1.7.a(4_hwbp_core.o)
                0x0080210f                CTS_timeout_counter
 .bss.shutdown_counter
                0x00802111        0x1 C:\Users\OEPS\Documents\github\harp-tech\harp_RFID_reader\Firmware\RfidReader\libATxmega16A4U_ClockSync-1.7.a(4_hwbp_core.o)
 .bss._500us_cca_index
                0x00802112        0x1 C:\Users\OEPS\Documents\github\harp-tech\harp_RFID_reader\Firmware\RfidReader\libATxmega16A4U_ClockSync-1.7.a(4_hwbp_core.o)
 .bss.core_num_of_app_registers
                0x00802113        0x1 C:\Users\OEPS\Documents\github\harp-tech\harp_RFID_reader\Firmware\RfidReader\libATxmega16A4U_ClockSync-1.7.a(4_hwbp_core.o)
 .bss.core_pointer_to_app_regs
                0x00802114        0x2 C:\Users\OEPS\Documents\github\harp-tech\harp_RFID_reader\Firmware\RfidReader\libATxmega16A4U_ClockSync-1.7.a(4_hwbp_core.o)
 .bss.core_app_mem_size_to_save
                0x00802116        0x2 C:\Users\OEPS\Documents\github\harp-tech\harp_RFID_reader\Firmware\RfidReader\libATxmega16A4U_ClockSync-1.7.a(4_hwbp_core.o)
 .bss.commonbank
                0x00802118       0x2c C:\Users\OEPS\Documents\github\harp-tech\harp_RFID_reader\Firmware\RfidReader\libATxmega16A4U_ClockSync-1.7.a(4_hwbp_core.o)
 .bss.enables_serial_number_update
                0x00802144        0x1 C:\Users\OEPS\Documents\github\harp-tech\harp_RFID_reader\Firmware\RfidReader\libATxmega16A4U_ClockSync-1.7.a(4_hwbp_core.o)
 .bss.default_device_name
                0x00802145       0x19 C:\Users\OEPS\Documents\github\harp-tech\harp_RFID_reader\Firmware\RfidReader\libATxmega16A4U_ClockSync-1.7.a(4_hwbp_core.o)
 .bss.sending_com_register_add
                0x0080215e        0x1 C:\Users\OEPS\Documents\github\harp-tech\harp_RFID_reader\Firmware\RfidReader\libATxmega16A4U_ClockSync-1.7.a(4_hwbp_core.o)
 .bss.sending_register_add
                0x0080215f        0x1 C:\Users\OEPS\Documents\github\harp-tech\harp_RFID_reader\Firmware\RfidReader\libATxmega16A4U_ClockSync-1.7.a(4_hwbp_core.o)
 .bss.sending_com_registers
                0x00802160        0x1 C:\Users\OEPS\Documents\github\harp-tech\harp_RFID_reader\Firmware\RfidReader\libATxmega16A4U_ClockSync-1.7.a(4_hwbp_core.o)
 .bss.sending_registers
                0x00802161        0x1 C:\Users\OEPS\Documents\github\harp-tech\harp_RFID_reader\Firmware\RfidReader\libATxmega16A4U_ClockSync-1.7.a(4_hwbp_core.o)
 .bss.hwbp_uart_rx_pointer
                0x00802162        0x1 C:\Users\OEPS\Documents\github\harp-tech\harp_RFID_reader\Firmware\RfidReader\libATxmega16A4U_ClockSync-1.7.a(4_hwbp_core_com.o)
                0x00802162                hwbp_uart_rx_pointer
 .bss.hwbp_uart_head
                0x00802163        0x2 C:\Users\OEPS\Documents\github\harp-tech\harp_RFID_reader\Firmware\RfidReader\libATxmega16A4U_ClockSync-1.7.a(4_hwbp_core_com.o)
                0x00802163                hwbp_uart_head
 .bss.hwbp_uart_tail
                0x00802165        0x2 C:\Users\OEPS\Documents\github\harp-tech\harp_RFID_reader\Firmware\RfidReader\libATxmega16A4U_ClockSync-1.7.a(4_hwbp_core_com.o)
                0x00802165                hwbp_uart_tail
 .bss.rx_cmd_ready
                0x00802167        0x1 C:\Users\OEPS\Documents\github\harp-tech\harp_RFID_reader\Firmware\RfidReader\libATxmega16A4U_ClockSync-1.7.a(4_hwbp_core_com.o)
                0x00802167                rx_cmd_ready
 .bss.rx_timeout
                0x00802168        0x1 C:\Users\OEPS\Documents\github\harp-tech\harp_RFID_reader\Firmware\RfidReader\libATxmega16A4U_ClockSync-1.7.a(4_hwbp_core_com.o)
                0x00802168                rx_timeout
 .bss.timestamp_B3
                0x00802169        0x2 C:\Users\OEPS\Documents\github\harp-tech\harp_RFID_reader\Firmware\RfidReader\libATxmega16A4U_ClockSync-1.7.a(4_hwbp_sync.o)
 .bss.timestamp_B2
                0x0080216b        0x2 C:\Users\OEPS\Documents\github\harp-tech\harp_RFID_reader\Firmware\RfidReader\libATxmega16A4U_ClockSync-1.7.a(4_hwbp_sync.o)
 .bss.timestamp_B1
                0x0080216d        0x2 C:\Users\OEPS\Documents\github\harp-tech\harp_RFID_reader\Firmware\RfidReader\libATxmega16A4U_ClockSync-1.7.a(4_hwbp_sync.o)
 .bss.timestamp_B0
                0x0080216f        0x2 C:\Users\OEPS\Documents\github\harp-tech\harp_RFID_reader\Firmware\RfidReader\libATxmega16A4U_ClockSync-1.7.a(4_hwbp_sync.o)
 .bss.timestamp_tx_counter
                0x00802171        0x2 C:\Users\OEPS\Documents\github\harp-tech\harp_RFID_reader\Firmware\RfidReader\libATxmega16A4U_ClockSync-1.7.a(4_hwbp_sync.o)
 *(COMMON)
 COMMON         0x00802173        0x1 app.o
                0x00802173                stop_buzzer
 COMMON         0x00802174        0x3 app_funcs.o
                0x00802174                buzzer_target_count
                0x00802176                buzzer_prescaler
 COMMON         0x00802177       0x3a app_ios_and_regs.o
                0x00802177                app_regs
 COMMON         0x008021b1       0x48 uart0.o
                0x008021b1                rxbuff_uart0
                0x008021f1                txbuff_uart0
 COMMON         0x008021f9      0x100 C:\Users\OEPS\Documents\github\harp-tech\harp_RFID_reader\Firmware\RfidReader\libATxmega16A4U_ClockSync-1.7.a(4_hwbp_core.o)
                0x008021f9                reply_buff
 COMMON         0x008022f9      0x302 C:\Users\OEPS\Documents\github\harp-tech\harp_RFID_reader\Firmware\RfidReader\libATxmega16A4U_ClockSync-1.7.a(4_hwbp_core_com.o)
                0x008022f9                cmd_len
                0x008022fb                txbuff_hwbp_uart
                0x008024fb                rxbuff_hwbp_uart
                0x008025fb                PROVIDE (__bss_end, .)
                0x00002888                __data_load_start = LOADADDR (.data)
                0x0000297c                __data_load_end = (__data_load_start + SIZEOF (.data))

.noinit         0x008025fb        0x0
                [!provide]                PROVIDE (__noinit_start, .)
 *(.noinit*)
                [!provide]                PROVIDE (__noinit_end, .)
                0x008025fb                _end = .
                [!provide]                PROVIDE (__heap_start, .)

.eeprom         0x00810000        0x0
 *(.eeprom*)
                0x00810000                __eeprom_end = .

.fuse
 *(.fuse)
 *(.lfuse)
 *(.hfuse)
 *(.efuse)

.lock
 *(.lock*)

.signature
 *(.signature*)

.user_signatures
 *(.user_signatures*)

.stab
 *(.stab)

.stabstr
 *(.stabstr)

.stab.excl
 *(.stab.excl)

.stab.exclstr
 *(.stab.exclstr)

.stab.index
 *(.stab.index)

.stab.indexstr
 *(.stab.indexstr)

.comment        0x00000000       0x60
 *(.comment)
 .comment       0x00000000       0x30 app.o
                                 0x31 (size before relaxing)
 .comment       0x00000030       0x31 app_funcs.o
 .comment       0x00000030       0x31 app_ios_and_regs.o
 .comment       0x00000030       0x31 interrupts.o
 .comment       0x00000030       0x31 main.o
 .comment       0x00000030       0x31 uart0.o
 .comment       0x00000030       0x30 C:\Users\OEPS\Documents\github\harp-tech\harp_RFID_reader\Firmware\RfidReader\libATxmega16A4U_ClockSync-1.7.a(4_cpu.o)
                                 0x31 (size before relaxing)
 .comment       0x00000060       0x31 C:\Users\OEPS\Documents\github\harp-tech\harp_RFID_reader\Firmware\RfidReader\libATxmega16A4U_ClockSync-1.7.a(4_hwbp_core.o)
 .comment       0x00000060       0x31 C:\Users\OEPS\Documents\github\harp-tech\harp_RFID_reader\Firmware\RfidReader\libATxmega16A4U_ClockSync-1.7.a(4_hwbp_core_com.o)
 .comment       0x00000060       0x31 C:\Users\OEPS\Documents\github\harp-tech\harp_RFID_reader\Firmware\RfidReader\libATxmega16A4U_ClockSync-1.7.a(4_hwbp_sync.o)

.note.gnu.avr.deviceinfo
                0x00000000       0x40
 .note.gnu.avr.deviceinfo
                0x00000000       0x40 C:/Program Files (x86)/Atmel/Studio/7.0/Packs/atmel/XMEGAA_DFP/1.1.68/gcc/dev/atxmega16a4u/avrxmega2/crtatxmega16a4u.o

.note.gnu.build-id
 *(.note.gnu.build-id)

.debug
 *(.debug)

.line
 *(.line)

.debug_srcinfo
 *(.debug_srcinfo)

.debug_sfnames
 *(.debug_sfnames)

.debug_aranges  0x00000000      0x490
 *(.debug_aranges)
 .debug_aranges
                0x00000000       0x68 app.o
 .debug_aranges
                0x00000068       0xa8 app_funcs.o
 .debug_aranges
                0x00000110       0x20 app_ios_and_regs.o
 .debug_aranges
                0x00000130       0x40 interrupts.o
 .debug_aranges
                0x00000170       0x20 main.o
 .debug_aranges
                0x00000190       0x68 uart0.o
 .debug_aranges
                0x000001f8      0x150 C:\Users\OEPS\Documents\github\harp-tech\harp_RFID_reader\Firmware\RfidReader\libATxmega16A4U_ClockSync-1.7.a(4_cpu.o)
 .debug_aranges
                0x00000348       0xa8 C:\Users\OEPS\Documents\github\harp-tech\harp_RFID_reader\Firmware\RfidReader\libATxmega16A4U_ClockSync-1.7.a(4_hwbp_core.o)
 .debug_aranges
                0x000003f0       0x68 C:\Users\OEPS\Documents\github\harp-tech\harp_RFID_reader\Firmware\RfidReader\libATxmega16A4U_ClockSync-1.7.a(4_hwbp_core_com.o)
 .debug_aranges
                0x00000458       0x38 C:\Users\OEPS\Documents\github\harp-tech\harp_RFID_reader\Firmware\RfidReader\libATxmega16A4U_ClockSync-1.7.a(4_hwbp_sync.o)

.debug_pubnames
 *(.debug_pubnames)

.debug_info     0x00000000     0xaa83
 *(.debug_info .gnu.linkonce.wi.*)
 .debug_info    0x00000000     0x284f C:/Program Files (x86)/Atmel/Studio/7.0/Packs/atmel/XMEGAA_DFP/1.1.68/gcc/dev/atxmega16a4u/avrxmega2/crtatxmega16a4u.o
 .debug_info    0x0000284f     0x1294 app.o
 .debug_info    0x00003ae3      0x67e app_funcs.o
 .debug_info    0x00004161      0x50a app_ios_and_regs.o
 .debug_info    0x0000466b      0x8b4 interrupts.o
 .debug_info    0x00004f1f       0xaa main.o
 .debug_info    0x00004fc9      0x6b2 uart0.o
 .debug_info    0x0000567b     0x22ea C:\Users\OEPS\Documents\github\harp-tech\harp_RFID_reader\Firmware\RfidReader\libATxmega16A4U_ClockSync-1.7.a(4_cpu.o)
 .debug_info    0x00007965     0x1e6f C:\Users\OEPS\Documents\github\harp-tech\harp_RFID_reader\Firmware\RfidReader\libATxmega16A4U_ClockSync-1.7.a(4_hwbp_core.o)
 .debug_info    0x000097d4      0x881 C:\Users\OEPS\Documents\github\harp-tech\harp_RFID_reader\Firmware\RfidReader\libATxmega16A4U_ClockSync-1.7.a(4_hwbp_core_com.o)
 .debug_info    0x0000a055      0xa2e C:\Users\OEPS\Documents\github\harp-tech\harp_RFID_reader\Firmware\RfidReader\libATxmega16A4U_ClockSync-1.7.a(4_hwbp_sync.o)

.debug_abbrev   0x00000000     0x3ac7
 *(.debug_abbrev)
 .debug_abbrev  0x00000000     0x262c C:/Program Files (x86)/Atmel/Studio/7.0/Packs/atmel/XMEGAA_DFP/1.1.68/gcc/dev/atxmega16a4u/avrxmega2/crtatxmega16a4u.o
 .debug_abbrev  0x0000262c      0x2be app.o
 .debug_abbrev  0x000028ea      0x1a8 app_funcs.o
 .debug_abbrev  0x00002a92      0x112 app_ios_and_regs.o
 .debug_abbrev  0x00002ba4      0x12a interrupts.o
 .debug_abbrev  0x00002cce       0x75 main.o
 .debug_abbrev  0x00002d43      0x1db uart0.o
 .debug_abbrev  0x00002f1e      0x3b4 C:\Users\OEPS\Documents\github\harp-tech\harp_RFID_reader\Firmware\RfidReader\libATxmega16A4U_ClockSync-1.7.a(4_cpu.o)
 .debug_abbrev  0x000032d2      0x42b C:\Users\OEPS\Documents\github\harp-tech\harp_RFID_reader\Firmware\RfidReader\libATxmega16A4U_ClockSync-1.7.a(4_hwbp_core.o)
 .debug_abbrev  0x000036fd      0x222 C:\Users\OEPS\Documents\github\harp-tech\harp_RFID_reader\Firmware\RfidReader\libATxmega16A4U_ClockSync-1.7.a(4_hwbp_core_com.o)
 .debug_abbrev  0x0000391f      0x1a8 C:\Users\OEPS\Documents\github\harp-tech\harp_RFID_reader\Firmware\RfidReader\libATxmega16A4U_ClockSync-1.7.a(4_hwbp_sync.o)

.debug_line     0x00000000     0x32b3
 *(.debug_line .debug_line.* .debug_line_end)
 .debug_line    0x00000000      0x391 C:/Program Files (x86)/Atmel/Studio/7.0/Packs/atmel/XMEGAA_DFP/1.1.68/gcc/dev/atxmega16a4u/avrxmega2/crtatxmega16a4u.o
 .debug_line    0x00000391      0x3da app.o
 .debug_line    0x0000076b      0x34d app_funcs.o
 .debug_line    0x00000ab8      0x166 app_ios_and_regs.o
 .debug_line    0x00000c1e      0x1ab interrupts.o
 .debug_line    0x00000dc9       0xae main.o
 .debug_line    0x00000e77      0x37d uart0.o
 .debug_line    0x000011f4      0xdde C:\Users\OEPS\Documents\github\harp-tech\harp_RFID_reader\Firmware\RfidReader\libATxmega16A4U_ClockSync-1.7.a(4_cpu.o)
 .debug_line    0x00001fd2      0xc4b C:\Users\OEPS\Documents\github\harp-tech\harp_RFID_reader\Firmware\RfidReader\libATxmega16A4U_ClockSync-1.7.a(4_hwbp_core.o)
 .debug_line    0x00002c1d      0x44a C:\Users\OEPS\Documents\github\harp-tech\harp_RFID_reader\Firmware\RfidReader\libATxmega16A4U_ClockSync-1.7.a(4_hwbp_core_com.o)
 .debug_line    0x00003067      0x24c C:\Users\OEPS\Documents\github\harp-tech\harp_RFID_reader\Firmware\RfidReader\libATxmega16A4U_ClockSync-1.7.a(4_hwbp_sync.o)

.debug_frame    0x00000000      0xd90
 *(.debug_frame)
 .debug_frame   0x00000000      0x254 app.o
 .debug_frame   0x00000254      0x25c app_funcs.o
 .debug_frame   0x000004b0       0x2c app_ios_and_regs.o
 .debug_frame   0x000004dc       0x64 interrupts.o
 .debug_frame   0x00000540       0x24 main.o
 .debug_frame   0x00000564       0xe4 uart0.o
 .debug_frame   0x00000648      0x324 C:\Users\OEPS\Documents\github\harp-tech\harp_RFID_reader\Firmware\RfidReader\libATxmega16A4U_ClockSync-1.7.a(4_cpu.o)
 .debug_frame   0x0000096c      0x1e4 C:\Users\OEPS\Documents\github\harp-tech\harp_RFID_reader\Firmware\RfidReader\libATxmega16A4U_ClockSync-1.7.a(4_hwbp_core.o)
 .debug_frame   0x00000b50      0x1dc C:\Users\OEPS\Documents\github\harp-tech\harp_RFID_reader\Firmware\RfidReader\libATxmega16A4U_ClockSync-1.7.a(4_hwbp_core_com.o)
 .debug_frame   0x00000d2c       0x64 C:\Users\OEPS\Documents\github\harp-tech\harp_RFID_reader\Firmware\RfidReader\libATxmega16A4U_ClockSync-1.7.a(4_hwbp_sync.o)

.debug_str      0x00000000     0x441d
 *(.debug_str)
 .debug_str     0x00000000     0x1aa8 C:/Program Files (x86)/Atmel/Studio/7.0/Packs/atmel/XMEGAA_DFP/1.1.68/gcc/dev/atxmega16a4u/avrxmega2/crtatxmega16a4u.o
 .debug_str     0x00001aa8      0x807 app.o
                                0x993 (size before relaxing)
 .debug_str     0x000022af      0x1fe app_funcs.o
                                0x549 (size before relaxing)
 .debug_str     0x000024ad       0x49 app_ios_and_regs.o
                                0x422 (size before relaxing)
 .debug_str     0x000024f6       0x4d interrupts.o
                                0x588 (size before relaxing)
 .debug_str     0x00002543       0x11 main.o
                                0x1a7 (size before relaxing)
 .debug_str     0x00002554      0x2f5 uart0.o
                                0x5ae (size before relaxing)
 .debug_str     0x00002849     0x1376 C:\Users\OEPS\Documents\github\harp-tech\harp_RFID_reader\Firmware\RfidReader\libATxmega16A4U_ClockSync-1.7.a(4_cpu.o)
                               0x189e (size before relaxing)
 .debug_str     0x00003bbf      0x6a0 C:\Users\OEPS\Documents\github\harp-tech\harp_RFID_reader\Firmware\RfidReader\libATxmega16A4U_ClockSync-1.7.a(4_hwbp_core.o)
                                0xf4d (size before relaxing)
 .debug_str     0x0000425f      0x146 C:\Users\OEPS\Documents\github\harp-tech\harp_RFID_reader\Firmware\RfidReader\libATxmega16A4U_ClockSync-1.7.a(4_hwbp_core_com.o)
                                0x6b0 (size before relaxing)
 .debug_str     0x000043a5       0x78 C:\Users\OEPS\Documents\github\harp-tech\harp_RFID_reader\Firmware\RfidReader\libATxmega16A4U_ClockSync-1.7.a(4_hwbp_sync.o)
                                0x72f (size before relaxing)

.debug_loc      0x00000000     0x3983
 *(.debug_loc)
 .debug_loc     0x00000000      0x3ef app.o
 .debug_loc     0x000003ef      0x609 app_funcs.o
 .debug_loc     0x000009f8       0x22 app_ios_and_regs.o
 .debug_loc     0x00000a1a      0x365 uart0.o
 .debug_loc     0x00000d7f      0xf9e C:\Users\OEPS\Documents\github\harp-tech\harp_RFID_reader\Firmware\RfidReader\libATxmega16A4U_ClockSync-1.7.a(4_cpu.o)
 .debug_loc     0x00001d1d     0x1551 C:\Users\OEPS\Documents\github\harp-tech\harp_RFID_reader\Firmware\RfidReader\libATxmega16A4U_ClockSync-1.7.a(4_hwbp_core.o)
 .debug_loc     0x0000326e      0x68b C:\Users\OEPS\Documents\github\harp-tech\harp_RFID_reader\Firmware\RfidReader\libATxmega16A4U_ClockSync-1.7.a(4_hwbp_core_com.o)
 .debug_loc     0x000038f9       0x8a C:\Users\OEPS\Documents\github\harp-tech\harp_RFID_reader\Firmware\RfidReader\libATxmega16A4U_ClockSync-1.7.a(4_hwbp_sync.o)

.debug_macinfo
 *(.debug_macinfo)

.debug_weaknames
 *(.debug_weaknames)

.debug_funcnames
 *(.debug_funcnames)

.debug_typenames
 *(.debug_typenames)

.debug_varnames
 *(.debug_varnames)

.debug_pubtypes
 *(.debug_pubtypes)

.debug_ranges   0x00000000      0x570
 *(.debug_ranges)
 .debug_ranges  0x00000000       0x70 app.o
 .debug_ranges  0x00000070       0x98 app_funcs.o
 .debug_ranges  0x00000108       0x10 app_ios_and_regs.o
 .debug_ranges  0x00000118       0x30 interrupts.o
 .debug_ranges  0x00000148       0x10 main.o
 .debug_ranges  0x00000158       0x78 uart0.o
 .debug_ranges  0x000001d0      0x1a8 C:\Users\OEPS\Documents\github\harp-tech\harp_RFID_reader\Firmware\RfidReader\libATxmega16A4U_ClockSync-1.7.a(4_cpu.o)
 .debug_ranges  0x00000378      0x148 C:\Users\OEPS\Documents\github\harp-tech\harp_RFID_reader\Firmware\RfidReader\libATxmega16A4U_ClockSync-1.7.a(4_hwbp_core.o)
 .debug_ranges  0x000004c0       0x88 C:\Users\OEPS\Documents\github\harp-tech\harp_RFID_reader\Firmware\RfidReader\libATxmega16A4U_ClockSync-1.7.a(4_hwbp_core_com.o)
 .debug_ranges  0x00000548       0x28 C:\Users\OEPS\Documents\github\harp-tech\harp_RFID_reader\Firmware\RfidReader\libATxmega16A4U_ClockSync-1.7.a(4_hwbp_sync.o)

.debug_macro
 *(.debug_macro)
OUTPUT(RfidReader.elf elf32-avr)
LOAD linker stubs
